Archive member included to satisfy reference by file (symbol)

K:\test_motorkit\firmware_motorkit\firmware_motorkit\ArduinoCore\Debug\libArduinoCore.a(HardwareSerial0.o)
                              Sketch.o (Serial)
K:\test_motorkit\firmware_motorkit\firmware_motorkit\ArduinoCore\Debug\libArduinoCore.a(main.o)
                              C:/Program Files (x86)/Atmel/Studio/7.0/Packs/atmel/ATmega_DFP/1.6.364/gcc/dev/atmega88a/avr4/crtatmega88a.o (main)
K:\test_motorkit\firmware_motorkit\firmware_motorkit\ArduinoCore\Debug\libArduinoCore.a(Print.o)
                              Sketch.o (_ZN5Print5printEPKc)
K:\test_motorkit\firmware_motorkit\firmware_motorkit\ArduinoCore\Debug\libArduinoCore.a(wiring.o)
                              Sketch.o (millis)
K:\test_motorkit\firmware_motorkit\firmware_motorkit\ArduinoCore\Debug\libArduinoCore.a(wiring_digital.o)
                              Sketch.o (pinMode)
K:\test_motorkit\firmware_motorkit\firmware_motorkit\ArduinoCore\Debug\libArduinoCore.a(abi.o)
                              K:\test_motorkit\firmware_motorkit\firmware_motorkit\ArduinoCore\Debug\libArduinoCore.a(Print.o) (__cxa_pure_virtual)
K:\test_motorkit\firmware_motorkit\firmware_motorkit\ArduinoCore\Debug\libArduinoCore.a(HardwareSerial.o)
                              K:\test_motorkit\firmware_motorkit\firmware_motorkit\ArduinoCore\Debug\libArduinoCore.a(HardwareSerial0.o) (_ZN14HardwareSerial9availableEv)
K:\test_motorkit\firmware_motorkit\firmware_motorkit\ArduinoCore\Debug\libArduinoCore.a(hooks.o)
                              K:\test_motorkit\firmware_motorkit\firmware_motorkit\ArduinoCore\Debug\libArduinoCore.a(wiring.o) (yield)
c:/program files (x86)/atmel/studio/7.0/toolchain/avr8/avr8-gnu-toolchain/bin/../lib/gcc/avr/5.4.0/../../../../avr/lib/avr4\libm.a(addsf3.o)
                              K:\test_motorkit\firmware_motorkit\firmware_motorkit\ArduinoCore\Debug\libArduinoCore.a(Print.o) (__subsf3)
c:/program files (x86)/atmel/studio/7.0/toolchain/avr8/avr8-gnu-toolchain/bin/../lib/gcc/avr/5.4.0/../../../../avr/lib/avr4\libm.a(addsf3x.o)
                              c:/program files (x86)/atmel/studio/7.0/toolchain/avr8/avr8-gnu-toolchain/bin/../lib/gcc/avr/5.4.0/../../../../avr/lib/avr4\libm.a(addsf3.o) (__addsf3x)
c:/program files (x86)/atmel/studio/7.0/toolchain/avr8/avr8-gnu-toolchain/bin/../lib/gcc/avr/5.4.0/../../../../avr/lib/avr4\libm.a(cmpsf2.o)
                              K:\test_motorkit\firmware_motorkit\firmware_motorkit\ArduinoCore\Debug\libArduinoCore.a(Print.o) (__ltsf2)
c:/program files (x86)/atmel/studio/7.0/toolchain/avr8/avr8-gnu-toolchain/bin/../lib/gcc/avr/5.4.0/../../../../avr/lib/avr4\libm.a(divsf3.o)
                              K:\test_motorkit\firmware_motorkit\firmware_motorkit\ArduinoCore\Debug\libArduinoCore.a(Print.o) (__divsf3)
c:/program files (x86)/atmel/studio/7.0/toolchain/avr8/avr8-gnu-toolchain/bin/../lib/gcc/avr/5.4.0/../../../../avr/lib/avr4\libm.a(divsf3x.o)
                              c:/program files (x86)/atmel/studio/7.0/toolchain/avr8/avr8-gnu-toolchain/bin/../lib/gcc/avr/5.4.0/../../../../avr/lib/avr4\libm.a(divsf3.o) (__divsf3x)
c:/program files (x86)/atmel/studio/7.0/toolchain/avr8/avr8-gnu-toolchain/bin/../lib/gcc/avr/5.4.0/../../../../avr/lib/avr4\libm.a(fixunssfsi.o)
                              K:\test_motorkit\firmware_motorkit\firmware_motorkit\ArduinoCore\Debug\libArduinoCore.a(Print.o) (__fixunssfsi)
c:/program files (x86)/atmel/studio/7.0/toolchain/avr8/avr8-gnu-toolchain/bin/../lib/gcc/avr/5.4.0/../../../../avr/lib/avr4\libm.a(floatsisf.o)
                              K:\test_motorkit\firmware_motorkit\firmware_motorkit\ArduinoCore\Debug\libArduinoCore.a(Print.o) (__floatunsisf)
c:/program files (x86)/atmel/studio/7.0/toolchain/avr8/avr8-gnu-toolchain/bin/../lib/gcc/avr/5.4.0/../../../../avr/lib/avr4\libm.a(fp_cmp.o)
                              c:/program files (x86)/atmel/studio/7.0/toolchain/avr8/avr8-gnu-toolchain/bin/../lib/gcc/avr/5.4.0/../../../../avr/lib/avr4\libm.a(cmpsf2.o) (__fp_cmp)
c:/program files (x86)/atmel/studio/7.0/toolchain/avr8/avr8-gnu-toolchain/bin/../lib/gcc/avr/5.4.0/../../../../avr/lib/avr4\libm.a(fp_inf.o)
                              c:/program files (x86)/atmel/studio/7.0/toolchain/avr8/avr8-gnu-toolchain/bin/../lib/gcc/avr/5.4.0/../../../../avr/lib/avr4\libm.a(addsf3x.o) (__fp_inf)
c:/program files (x86)/atmel/studio/7.0/toolchain/avr8/avr8-gnu-toolchain/bin/../lib/gcc/avr/5.4.0/../../../../avr/lib/avr4\libm.a(fp_nan.o)
                              c:/program files (x86)/atmel/studio/7.0/toolchain/avr8/avr8-gnu-toolchain/bin/../lib/gcc/avr/5.4.0/../../../../avr/lib/avr4\libm.a(addsf3x.o) (__fp_nan)
c:/program files (x86)/atmel/studio/7.0/toolchain/avr8/avr8-gnu-toolchain/bin/../lib/gcc/avr/5.4.0/../../../../avr/lib/avr4\libm.a(fp_pscA.o)
                              c:/program files (x86)/atmel/studio/7.0/toolchain/avr8/avr8-gnu-toolchain/bin/../lib/gcc/avr/5.4.0/../../../../avr/lib/avr4\libm.a(addsf3x.o) (__fp_pscA)
c:/program files (x86)/atmel/studio/7.0/toolchain/avr8/avr8-gnu-toolchain/bin/../lib/gcc/avr/5.4.0/../../../../avr/lib/avr4\libm.a(fp_pscB.o)
                              c:/program files (x86)/atmel/studio/7.0/toolchain/avr8/avr8-gnu-toolchain/bin/../lib/gcc/avr/5.4.0/../../../../avr/lib/avr4\libm.a(addsf3x.o) (__fp_pscB)
c:/program files (x86)/atmel/studio/7.0/toolchain/avr8/avr8-gnu-toolchain/bin/../lib/gcc/avr/5.4.0/../../../../avr/lib/avr4\libm.a(fp_round.o)
                              c:/program files (x86)/atmel/studio/7.0/toolchain/avr8/avr8-gnu-toolchain/bin/../lib/gcc/avr/5.4.0/../../../../avr/lib/avr4\libm.a(addsf3.o) (__fp_round)
c:/program files (x86)/atmel/studio/7.0/toolchain/avr8/avr8-gnu-toolchain/bin/../lib/gcc/avr/5.4.0/../../../../avr/lib/avr4\libm.a(fp_split3.o)
                              c:/program files (x86)/atmel/studio/7.0/toolchain/avr8/avr8-gnu-toolchain/bin/../lib/gcc/avr/5.4.0/../../../../avr/lib/avr4\libm.a(addsf3x.o) (__fp_split3)
c:/program files (x86)/atmel/studio/7.0/toolchain/avr8/avr8-gnu-toolchain/bin/../lib/gcc/avr/5.4.0/../../../../avr/lib/avr4\libm.a(fp_zero.o)
                              c:/program files (x86)/atmel/studio/7.0/toolchain/avr8/avr8-gnu-toolchain/bin/../lib/gcc/avr/5.4.0/../../../../avr/lib/avr4\libm.a(addsf3x.o) (__fp_zero)
c:/program files (x86)/atmel/studio/7.0/toolchain/avr8/avr8-gnu-toolchain/bin/../lib/gcc/avr/5.4.0/../../../../avr/lib/avr4\libm.a(gesf2.o)
                              K:\test_motorkit\firmware_motorkit\firmware_motorkit\ArduinoCore\Debug\libArduinoCore.a(Print.o) (__gtsf2)
c:/program files (x86)/atmel/studio/7.0/toolchain/avr8/avr8-gnu-toolchain/bin/../lib/gcc/avr/5.4.0/../../../../avr/lib/avr4\libm.a(mulsf3.o)
                              K:\test_motorkit\firmware_motorkit\firmware_motorkit\ArduinoCore\Debug\libArduinoCore.a(Print.o) (__mulsf3)
c:/program files (x86)/atmel/studio/7.0/toolchain/avr8/avr8-gnu-toolchain/bin/../lib/gcc/avr/5.4.0/../../../../avr/lib/avr4\libm.a(mulsf3x.o)
                              c:/program files (x86)/atmel/studio/7.0/toolchain/avr8/avr8-gnu-toolchain/bin/../lib/gcc/avr/5.4.0/../../../../avr/lib/avr4\libm.a(mulsf3.o) (__mulsf3x)
c:/program files (x86)/atmel/studio/7.0/toolchain/avr8/avr8-gnu-toolchain/bin/../lib/gcc/avr/5.4.0/../../../../avr/lib/avr4\libm.a(unordsf2.o)
                              K:\test_motorkit\firmware_motorkit\firmware_motorkit\ArduinoCore\Debug\libArduinoCore.a(Print.o) (__unordsf2)
c:/program files (x86)/atmel/studio/7.0/toolchain/avr8/avr8-gnu-toolchain/bin/../lib/gcc/avr/5.4.0/avr4\libgcc.a(_udivmodsi4.o)
                              K:\test_motorkit\firmware_motorkit\firmware_motorkit\ArduinoCore\Debug\libArduinoCore.a(Print.o) (__udivmodsi4)
c:/program files (x86)/atmel/studio/7.0/toolchain/avr8/avr8-gnu-toolchain/bin/../lib/gcc/avr/5.4.0/avr4\libgcc.a(_exit.o)
                              C:/Program Files (x86)/Atmel/Studio/7.0/Packs/atmel/ATmega_DFP/1.6.364/gcc/dev/atmega88a/avr4/crtatmega88a.o (exit)
c:/program files (x86)/atmel/studio/7.0/toolchain/avr8/avr8-gnu-toolchain/bin/../lib/gcc/avr/5.4.0/avr4\libgcc.a(_copy_data.o)
                              Sketch.o (__do_copy_data)
c:/program files (x86)/atmel/studio/7.0/toolchain/avr8/avr8-gnu-toolchain/bin/../lib/gcc/avr/5.4.0/avr4\libgcc.a(_clear_bss.o)
                              Sketch.o (__do_clear_bss)
c:/program files (x86)/atmel/studio/7.0/toolchain/avr8/avr8-gnu-toolchain/bin/../lib/gcc/avr/5.4.0/avr4\libgcc.a(_ctors.o)
                              K:\test_motorkit\firmware_motorkit\firmware_motorkit\ArduinoCore\Debug\libArduinoCore.a(HardwareSerial0.o) (__do_global_ctors)
c:/program files (x86)/atmel/studio/7.0/toolchain/avr8/avr8-gnu-toolchain/bin/../lib/gcc/avr/5.4.0/avr4\libgcc.a(_tablejump2.o)
                              c:/program files (x86)/atmel/studio/7.0/toolchain/avr8/avr8-gnu-toolchain/bin/../lib/gcc/avr/5.4.0/avr4\libgcc.a(_ctors.o) (__tablejump2__)
c:/program files (x86)/atmel/studio/7.0/toolchain/avr8/avr8-gnu-toolchain/bin/../lib/gcc/avr/5.4.0/../../../../avr/lib/avr4\libc.a(abort.o)
                              K:\test_motorkit\firmware_motorkit\firmware_motorkit\ArduinoCore\Debug\libArduinoCore.a(abi.o) (abort)

Discarded input sections

 .data          0x00000000        0x0 C:/Program Files (x86)/Atmel/Studio/7.0/Packs/atmel/ATmega_DFP/1.6.364/gcc/dev/atmega88a/avr4/crtatmega88a.o
 .bss           0x00000000        0x0 C:/Program Files (x86)/Atmel/Studio/7.0/Packs/atmel/ATmega_DFP/1.6.364/gcc/dev/atmega88a/avr4/crtatmega88a.o
 .text          0x00000000        0x0 Sketch.o
 .data          0x00000000        0x0 Sketch.o
 .bss           0x00000000        0x0 Sketch.o
 .group         0x00000000        0x8 K:\test_motorkit\firmware_motorkit\firmware_motorkit\ArduinoCore\Debug\libArduinoCore.a(HardwareSerial0.o)
 .group         0x00000000        0x8 K:\test_motorkit\firmware_motorkit\firmware_motorkit\ArduinoCore\Debug\libArduinoCore.a(HardwareSerial0.o)
 .text          0x00000000        0x0 K:\test_motorkit\firmware_motorkit\firmware_motorkit\ArduinoCore\Debug\libArduinoCore.a(HardwareSerial0.o)
 .data          0x00000000        0x0 K:\test_motorkit\firmware_motorkit\firmware_motorkit\ArduinoCore\Debug\libArduinoCore.a(HardwareSerial0.o)
 .bss           0x00000000        0x0 K:\test_motorkit\firmware_motorkit\firmware_motorkit\ArduinoCore\Debug\libArduinoCore.a(HardwareSerial0.o)
 .text._ZN5Print17availableForWriteEv
                0x00000000        0x6 K:\test_motorkit\firmware_motorkit\firmware_motorkit\ArduinoCore\Debug\libArduinoCore.a(HardwareSerial0.o)
 .text._ZN5Print5flushEv
                0x00000000        0x2 K:\test_motorkit\firmware_motorkit\firmware_motorkit\ArduinoCore\Debug\libArduinoCore.a(HardwareSerial0.o)
 .text          0x00000000        0x0 K:\test_motorkit\firmware_motorkit\firmware_motorkit\ArduinoCore\Debug\libArduinoCore.a(main.o)
 .data          0x00000000        0x0 K:\test_motorkit\firmware_motorkit\firmware_motorkit\ArduinoCore\Debug\libArduinoCore.a(main.o)
 .bss           0x00000000        0x0 K:\test_motorkit\firmware_motorkit\firmware_motorkit\ArduinoCore\Debug\libArduinoCore.a(main.o)
 .text.atexit   0x00000000        0x6 K:\test_motorkit\firmware_motorkit\firmware_motorkit\ArduinoCore\Debug\libArduinoCore.a(main.o)
 .text._Z8setupUSBv
                0x00000000        0x2 K:\test_motorkit\firmware_motorkit\firmware_motorkit\ArduinoCore\Debug\libArduinoCore.a(main.o)
 .group         0x00000000        0x8 K:\test_motorkit\firmware_motorkit\firmware_motorkit\ArduinoCore\Debug\libArduinoCore.a(Print.o)
 .group         0x00000000        0x8 K:\test_motorkit\firmware_motorkit\firmware_motorkit\ArduinoCore\Debug\libArduinoCore.a(Print.o)
 .group         0x00000000        0x8 K:\test_motorkit\firmware_motorkit\firmware_motorkit\ArduinoCore\Debug\libArduinoCore.a(Print.o)
 .group         0x00000000        0x8 K:\test_motorkit\firmware_motorkit\firmware_motorkit\ArduinoCore\Debug\libArduinoCore.a(Print.o)
 .text          0x00000000        0x0 K:\test_motorkit\firmware_motorkit\firmware_motorkit\ArduinoCore\Debug\libArduinoCore.a(Print.o)
 .data          0x00000000        0x0 K:\test_motorkit\firmware_motorkit\firmware_motorkit\ArduinoCore\Debug\libArduinoCore.a(Print.o)
 .bss           0x00000000        0x0 K:\test_motorkit\firmware_motorkit\firmware_motorkit\ArduinoCore\Debug\libArduinoCore.a(Print.o)
 .text._ZN5Print17availableForWriteEv
                0x00000000        0x6 K:\test_motorkit\firmware_motorkit\firmware_motorkit\ArduinoCore\Debug\libArduinoCore.a(Print.o)
 .text._ZN5Print5flushEv
                0x00000000        0x2 K:\test_motorkit\firmware_motorkit\firmware_motorkit\ArduinoCore\Debug\libArduinoCore.a(Print.o)
 .text._ZN5Print5printEPK19__FlashStringHelper
                0x00000000       0x48 K:\test_motorkit\firmware_motorkit\firmware_motorkit\ArduinoCore\Debug\libArduinoCore.a(Print.o)
 .text._ZN5Print5printERK6String
                0x00000000       0x1c K:\test_motorkit\firmware_motorkit\firmware_motorkit\ArduinoCore\Debug\libArduinoCore.a(Print.o)
 .text._ZN5Print5printEc
                0x00000000        0xe K:\test_motorkit\firmware_motorkit\firmware_motorkit\ArduinoCore\Debug\libArduinoCore.a(Print.o)
 .text._ZN5Print5printERK9Printable
                0x00000000       0x14 K:\test_motorkit\firmware_motorkit\firmware_motorkit\ArduinoCore\Debug\libArduinoCore.a(Print.o)
 .text._ZN5Print7printlnEPK19__FlashStringHelper
                0x00000000       0x20 K:\test_motorkit\firmware_motorkit\firmware_motorkit\ArduinoCore\Debug\libArduinoCore.a(Print.o)
 .text._ZN5Print7printlnERK6String
                0x00000000       0x20 K:\test_motorkit\firmware_motorkit\firmware_motorkit\ArduinoCore\Debug\libArduinoCore.a(Print.o)
 .text._ZN5Print7printlnEc
                0x00000000       0x20 K:\test_motorkit\firmware_motorkit\firmware_motorkit\ArduinoCore\Debug\libArduinoCore.a(Print.o)
 .text._ZN5Print7printlnERK9Printable
                0x00000000       0x20 K:\test_motorkit\firmware_motorkit\firmware_motorkit\ArduinoCore\Debug\libArduinoCore.a(Print.o)
 .text._ZN5Print5printEhi
                0x00000000        0xc K:\test_motorkit\firmware_motorkit\firmware_motorkit\ArduinoCore\Debug\libArduinoCore.a(Print.o)
 .text._ZN5Print7printlnEhi
                0x00000000       0x20 K:\test_motorkit\firmware_motorkit\firmware_motorkit\ArduinoCore\Debug\libArduinoCore.a(Print.o)
 .text._ZN5Print7printlnEji
                0x00000000       0x20 K:\test_motorkit\firmware_motorkit\firmware_motorkit\ArduinoCore\Debug\libArduinoCore.a(Print.o)
 .text._ZN5Print7printlnEmi
                0x00000000       0x20 K:\test_motorkit\firmware_motorkit\firmware_motorkit\ArduinoCore\Debug\libArduinoCore.a(Print.o)
 .text._ZN5Print5printEli
                0x00000000       0x8a K:\test_motorkit\firmware_motorkit\firmware_motorkit\ArduinoCore\Debug\libArduinoCore.a(Print.o)
 .text._ZN5Print5printEii
                0x00000000        0xc K:\test_motorkit\firmware_motorkit\firmware_motorkit\ArduinoCore\Debug\libArduinoCore.a(Print.o)
 .text._ZN5Print7printlnEii
                0x00000000       0x20 K:\test_motorkit\firmware_motorkit\firmware_motorkit\ArduinoCore\Debug\libArduinoCore.a(Print.o)
 .text._ZN5Print7printlnEli
                0x00000000       0x20 K:\test_motorkit\firmware_motorkit\firmware_motorkit\ArduinoCore\Debug\libArduinoCore.a(Print.o)
 .text._ZN5Print10printFloatEdh
                0x00000000      0x18e K:\test_motorkit\firmware_motorkit\firmware_motorkit\ArduinoCore\Debug\libArduinoCore.a(Print.o)
 .text._ZN5Print5printEdi
                0x00000000        0x2 K:\test_motorkit\firmware_motorkit\firmware_motorkit\ArduinoCore\Debug\libArduinoCore.a(Print.o)
 .text._ZN5Print7printlnEdi
                0x00000000       0x20 K:\test_motorkit\firmware_motorkit\firmware_motorkit\ArduinoCore\Debug\libArduinoCore.a(Print.o)
 .rodata._ZTV5Print
                0x00000000        0xc K:\test_motorkit\firmware_motorkit\firmware_motorkit\ArduinoCore\Debug\libArduinoCore.a(Print.o)
 .text          0x00000000        0x0 K:\test_motorkit\firmware_motorkit\firmware_motorkit\ArduinoCore\Debug\libArduinoCore.a(wiring.o)
 .data          0x00000000        0x0 K:\test_motorkit\firmware_motorkit\firmware_motorkit\ArduinoCore\Debug\libArduinoCore.a(wiring.o)
 .bss           0x00000000        0x0 K:\test_motorkit\firmware_motorkit\firmware_motorkit\ArduinoCore\Debug\libArduinoCore.a(wiring.o)
 .text          0x00000000        0x0 K:\test_motorkit\firmware_motorkit\firmware_motorkit\ArduinoCore\Debug\libArduinoCore.a(wiring_digital.o)
 .data          0x00000000        0x0 K:\test_motorkit\firmware_motorkit\firmware_motorkit\ArduinoCore\Debug\libArduinoCore.a(wiring_digital.o)
 .bss           0x00000000        0x0 K:\test_motorkit\firmware_motorkit\firmware_motorkit\ArduinoCore\Debug\libArduinoCore.a(wiring_digital.o)
 .text          0x00000000        0x0 K:\test_motorkit\firmware_motorkit\firmware_motorkit\ArduinoCore\Debug\libArduinoCore.a(abi.o)
 .data          0x00000000        0x0 K:\test_motorkit\firmware_motorkit\firmware_motorkit\ArduinoCore\Debug\libArduinoCore.a(abi.o)
 .bss           0x00000000        0x0 K:\test_motorkit\firmware_motorkit\firmware_motorkit\ArduinoCore\Debug\libArduinoCore.a(abi.o)
 .text.__cxa_pure_virtual
                0x00000000        0x2 K:\test_motorkit\firmware_motorkit\firmware_motorkit\ArduinoCore\Debug\libArduinoCore.a(abi.o)
 .text.__cxa_deleted_virtual
                0x00000000        0x2 K:\test_motorkit\firmware_motorkit\firmware_motorkit\ArduinoCore\Debug\libArduinoCore.a(abi.o)
 .debug_info    0x00000000       0x76 K:\test_motorkit\firmware_motorkit\firmware_motorkit\ArduinoCore\Debug\libArduinoCore.a(abi.o)
 .debug_abbrev  0x00000000       0x6d K:\test_motorkit\firmware_motorkit\firmware_motorkit\ArduinoCore\Debug\libArduinoCore.a(abi.o)
 .debug_aranges
                0x00000000       0x20 K:\test_motorkit\firmware_motorkit\firmware_motorkit\ArduinoCore\Debug\libArduinoCore.a(abi.o)
 .debug_ranges  0x00000000       0x10 K:\test_motorkit\firmware_motorkit\firmware_motorkit\ArduinoCore\Debug\libArduinoCore.a(abi.o)
 .debug_line    0x00000000       0xa9 K:\test_motorkit\firmware_motorkit\firmware_motorkit\ArduinoCore\Debug\libArduinoCore.a(abi.o)
 .debug_str     0x00000000      0x190 K:\test_motorkit\firmware_motorkit\firmware_motorkit\ArduinoCore\Debug\libArduinoCore.a(abi.o)
 .comment       0x00000000       0x31 K:\test_motorkit\firmware_motorkit\firmware_motorkit\ArduinoCore\Debug\libArduinoCore.a(abi.o)
 .debug_frame   0x00000000       0x34 K:\test_motorkit\firmware_motorkit\firmware_motorkit\ArduinoCore\Debug\libArduinoCore.a(abi.o)
 .group         0x00000000        0x8 K:\test_motorkit\firmware_motorkit\firmware_motorkit\ArduinoCore\Debug\libArduinoCore.a(HardwareSerial.o)
 .text          0x00000000        0x0 K:\test_motorkit\firmware_motorkit\firmware_motorkit\ArduinoCore\Debug\libArduinoCore.a(HardwareSerial.o)
 .data          0x00000000        0x0 K:\test_motorkit\firmware_motorkit\firmware_motorkit\ArduinoCore\Debug\libArduinoCore.a(HardwareSerial.o)
 .bss           0x00000000        0x0 K:\test_motorkit\firmware_motorkit\firmware_motorkit\ArduinoCore\Debug\libArduinoCore.a(HardwareSerial.o)
 .text._ZN14HardwareSerial5beginEmh
                0x00000000       0xbc K:\test_motorkit\firmware_motorkit\firmware_motorkit\ArduinoCore\Debug\libArduinoCore.a(HardwareSerial.o)
 .text._ZN14HardwareSerial3endEv
                0x00000000       0x44 K:\test_motorkit\firmware_motorkit\firmware_motorkit\ArduinoCore\Debug\libArduinoCore.a(HardwareSerial.o)
 .text          0x00000000        0x0 K:\test_motorkit\firmware_motorkit\firmware_motorkit\ArduinoCore\Debug\libArduinoCore.a(hooks.o)
 .data          0x00000000        0x0 K:\test_motorkit\firmware_motorkit\firmware_motorkit\ArduinoCore\Debug\libArduinoCore.a(hooks.o)
 .bss           0x00000000        0x0 K:\test_motorkit\firmware_motorkit\firmware_motorkit\ArduinoCore\Debug\libArduinoCore.a(hooks.o)
 .text          0x00000000        0x0 c:/program files (x86)/atmel/studio/7.0/toolchain/avr8/avr8-gnu-toolchain/bin/../lib/gcc/avr/5.4.0/../../../../avr/lib/avr4\libm.a(addsf3.o)
 .data          0x00000000        0x0 c:/program files (x86)/atmel/studio/7.0/toolchain/avr8/avr8-gnu-toolchain/bin/../lib/gcc/avr/5.4.0/../../../../avr/lib/avr4\libm.a(addsf3.o)
 .bss           0x00000000        0x0 c:/program files (x86)/atmel/studio/7.0/toolchain/avr8/avr8-gnu-toolchain/bin/../lib/gcc/avr/5.4.0/../../../../avr/lib/avr4\libm.a(addsf3.o)
 .text.avr-libc.fplib
                0x00000000        0xa c:/program files (x86)/atmel/studio/7.0/toolchain/avr8/avr8-gnu-toolchain/bin/../lib/gcc/avr/5.4.0/../../../../avr/lib/avr4\libm.a(addsf3.o)
 .text          0x00000000        0x0 c:/program files (x86)/atmel/studio/7.0/toolchain/avr8/avr8-gnu-toolchain/bin/../lib/gcc/avr/5.4.0/../../../../avr/lib/avr4\libm.a(addsf3x.o)
 .data          0x00000000        0x0 c:/program files (x86)/atmel/studio/7.0/toolchain/avr8/avr8-gnu-toolchain/bin/../lib/gcc/avr/5.4.0/../../../../avr/lib/avr4\libm.a(addsf3x.o)
 .bss           0x00000000        0x0 c:/program files (x86)/atmel/studio/7.0/toolchain/avr8/avr8-gnu-toolchain/bin/../lib/gcc/avr/5.4.0/../../../../avr/lib/avr4\libm.a(addsf3x.o)
 .text.avr-libc.fplib
                0x00000000       0xc0 c:/program files (x86)/atmel/studio/7.0/toolchain/avr8/avr8-gnu-toolchain/bin/../lib/gcc/avr/5.4.0/../../../../avr/lib/avr4\libm.a(addsf3x.o)
 .text          0x00000000        0x0 c:/program files (x86)/atmel/studio/7.0/toolchain/avr8/avr8-gnu-toolchain/bin/../lib/gcc/avr/5.4.0/../../../../avr/lib/avr4\libm.a(cmpsf2.o)
 .data          0x00000000        0x0 c:/program files (x86)/atmel/studio/7.0/toolchain/avr8/avr8-gnu-toolchain/bin/../lib/gcc/avr/5.4.0/../../../../avr/lib/avr4\libm.a(cmpsf2.o)
 .bss           0x00000000        0x0 c:/program files (x86)/atmel/studio/7.0/toolchain/avr8/avr8-gnu-toolchain/bin/../lib/gcc/avr/5.4.0/../../../../avr/lib/avr4\libm.a(cmpsf2.o)
 .text.avr-libc.fplib
                0x00000000        0x8 c:/program files (x86)/atmel/studio/7.0/toolchain/avr8/avr8-gnu-toolchain/bin/../lib/gcc/avr/5.4.0/../../../../avr/lib/avr4\libm.a(cmpsf2.o)
 .text          0x00000000        0x0 c:/program files (x86)/atmel/studio/7.0/toolchain/avr8/avr8-gnu-toolchain/bin/../lib/gcc/avr/5.4.0/../../../../avr/lib/avr4\libm.a(divsf3.o)
 .data          0x00000000        0x0 c:/program files (x86)/atmel/studio/7.0/toolchain/avr8/avr8-gnu-toolchain/bin/../lib/gcc/avr/5.4.0/../../../../avr/lib/avr4\libm.a(divsf3.o)
 .bss           0x00000000        0x0 c:/program files (x86)/atmel/studio/7.0/toolchain/avr8/avr8-gnu-toolchain/bin/../lib/gcc/avr/5.4.0/../../../../avr/lib/avr4\libm.a(divsf3.o)
 .text.avr-libc.fplib
                0x00000000        0x4 c:/program files (x86)/atmel/studio/7.0/toolchain/avr8/avr8-gnu-toolchain/bin/../lib/gcc/avr/5.4.0/../../../../avr/lib/avr4\libm.a(divsf3.o)
 .text          0x00000000        0x0 c:/program files (x86)/atmel/studio/7.0/toolchain/avr8/avr8-gnu-toolchain/bin/../lib/gcc/avr/5.4.0/../../../../avr/lib/avr4\libm.a(divsf3x.o)
 .data          0x00000000        0x0 c:/program files (x86)/atmel/studio/7.0/toolchain/avr8/avr8-gnu-toolchain/bin/../lib/gcc/avr/5.4.0/../../../../avr/lib/avr4\libm.a(divsf3x.o)
 .bss           0x00000000        0x0 c:/program files (x86)/atmel/studio/7.0/toolchain/avr8/avr8-gnu-toolchain/bin/../lib/gcc/avr/5.4.0/../../../../avr/lib/avr4\libm.a(divsf3x.o)
 .text.avr-libc.fplib
                0x00000000       0xcc c:/program files (x86)/atmel/studio/7.0/toolchain/avr8/avr8-gnu-toolchain/bin/../lib/gcc/avr/5.4.0/../../../../avr/lib/avr4\libm.a(divsf3x.o)
 .text          0x00000000        0x0 c:/program files (x86)/atmel/studio/7.0/toolchain/avr8/avr8-gnu-toolchain/bin/../lib/gcc/avr/5.4.0/../../../../avr/lib/avr4\libm.a(fixunssfsi.o)
 .data          0x00000000        0x0 c:/program files (x86)/atmel/studio/7.0/toolchain/avr8/avr8-gnu-toolchain/bin/../lib/gcc/avr/5.4.0/../../../../avr/lib/avr4\libm.a(fixunssfsi.o)
 .bss           0x00000000        0x0 c:/program files (x86)/atmel/studio/7.0/toolchain/avr8/avr8-gnu-toolchain/bin/../lib/gcc/avr/5.4.0/../../../../avr/lib/avr4\libm.a(fixunssfsi.o)
 .text.avr-libc.fplib
                0x00000000       0x58 c:/program files (x86)/atmel/studio/7.0/toolchain/avr8/avr8-gnu-toolchain/bin/../lib/gcc/avr/5.4.0/../../../../avr/lib/avr4\libm.a(fixunssfsi.o)
 .text          0x00000000        0x0 c:/program files (x86)/atmel/studio/7.0/toolchain/avr8/avr8-gnu-toolchain/bin/../lib/gcc/avr/5.4.0/../../../../avr/lib/avr4\libm.a(floatsisf.o)
 .data          0x00000000        0x0 c:/program files (x86)/atmel/studio/7.0/toolchain/avr8/avr8-gnu-toolchain/bin/../lib/gcc/avr/5.4.0/../../../../avr/lib/avr4\libm.a(floatsisf.o)
 .bss           0x00000000        0x0 c:/program files (x86)/atmel/studio/7.0/toolchain/avr8/avr8-gnu-toolchain/bin/../lib/gcc/avr/5.4.0/../../../../avr/lib/avr4\libm.a(floatsisf.o)
 .text.avr-libc.fplib
                0x00000000       0x7a c:/program files (x86)/atmel/studio/7.0/toolchain/avr8/avr8-gnu-toolchain/bin/../lib/gcc/avr/5.4.0/../../../../avr/lib/avr4\libm.a(floatsisf.o)
 .text          0x00000000        0x0 c:/program files (x86)/atmel/studio/7.0/toolchain/avr8/avr8-gnu-toolchain/bin/../lib/gcc/avr/5.4.0/../../../../avr/lib/avr4\libm.a(fp_cmp.o)
 .data          0x00000000        0x0 c:/program files (x86)/atmel/studio/7.0/toolchain/avr8/avr8-gnu-toolchain/bin/../lib/gcc/avr/5.4.0/../../../../avr/lib/avr4\libm.a(fp_cmp.o)
 .bss           0x00000000        0x0 c:/program files (x86)/atmel/studio/7.0/toolchain/avr8/avr8-gnu-toolchain/bin/../lib/gcc/avr/5.4.0/../../../../avr/lib/avr4\libm.a(fp_cmp.o)
 .text.avr-libc.fplib
                0x00000000       0x48 c:/program files (x86)/atmel/studio/7.0/toolchain/avr8/avr8-gnu-toolchain/bin/../lib/gcc/avr/5.4.0/../../../../avr/lib/avr4\libm.a(fp_cmp.o)
 .text          0x00000000        0x0 c:/program files (x86)/atmel/studio/7.0/toolchain/avr8/avr8-gnu-toolchain/bin/../lib/gcc/avr/5.4.0/../../../../avr/lib/avr4\libm.a(fp_inf.o)
 .data          0x00000000        0x0 c:/program files (x86)/atmel/studio/7.0/toolchain/avr8/avr8-gnu-toolchain/bin/../lib/gcc/avr/5.4.0/../../../../avr/lib/avr4\libm.a(fp_inf.o)
 .bss           0x00000000        0x0 c:/program files (x86)/atmel/studio/7.0/toolchain/avr8/avr8-gnu-toolchain/bin/../lib/gcc/avr/5.4.0/../../../../avr/lib/avr4\libm.a(fp_inf.o)
 .text.avr-libc.fplib
                0x00000000        0xc c:/program files (x86)/atmel/studio/7.0/toolchain/avr8/avr8-gnu-toolchain/bin/../lib/gcc/avr/5.4.0/../../../../avr/lib/avr4\libm.a(fp_inf.o)
 .text          0x00000000        0x0 c:/program files (x86)/atmel/studio/7.0/toolchain/avr8/avr8-gnu-toolchain/bin/../lib/gcc/avr/5.4.0/../../../../avr/lib/avr4\libm.a(fp_nan.o)
 .data          0x00000000        0x0 c:/program files (x86)/atmel/studio/7.0/toolchain/avr8/avr8-gnu-toolchain/bin/../lib/gcc/avr/5.4.0/../../../../avr/lib/avr4\libm.a(fp_nan.o)
 .bss           0x00000000        0x0 c:/program files (x86)/atmel/studio/7.0/toolchain/avr8/avr8-gnu-toolchain/bin/../lib/gcc/avr/5.4.0/../../../../avr/lib/avr4\libm.a(fp_nan.o)
 .text.avr-libc.fplib
                0x00000000        0x6 c:/program files (x86)/atmel/studio/7.0/toolchain/avr8/avr8-gnu-toolchain/bin/../lib/gcc/avr/5.4.0/../../../../avr/lib/avr4\libm.a(fp_nan.o)
 .text          0x00000000        0x0 c:/program files (x86)/atmel/studio/7.0/toolchain/avr8/avr8-gnu-toolchain/bin/../lib/gcc/avr/5.4.0/../../../../avr/lib/avr4\libm.a(fp_pscA.o)
 .data          0x00000000        0x0 c:/program files (x86)/atmel/studio/7.0/toolchain/avr8/avr8-gnu-toolchain/bin/../lib/gcc/avr/5.4.0/../../../../avr/lib/avr4\libm.a(fp_pscA.o)
 .bss           0x00000000        0x0 c:/program files (x86)/atmel/studio/7.0/toolchain/avr8/avr8-gnu-toolchain/bin/../lib/gcc/avr/5.4.0/../../../../avr/lib/avr4\libm.a(fp_pscA.o)
 .text.avr-libc.fplib
                0x00000000        0xe c:/program files (x86)/atmel/studio/7.0/toolchain/avr8/avr8-gnu-toolchain/bin/../lib/gcc/avr/5.4.0/../../../../avr/lib/avr4\libm.a(fp_pscA.o)
 .text          0x00000000        0x0 c:/program files (x86)/atmel/studio/7.0/toolchain/avr8/avr8-gnu-toolchain/bin/../lib/gcc/avr/5.4.0/../../../../avr/lib/avr4\libm.a(fp_pscB.o)
 .data          0x00000000        0x0 c:/program files (x86)/atmel/studio/7.0/toolchain/avr8/avr8-gnu-toolchain/bin/../lib/gcc/avr/5.4.0/../../../../avr/lib/avr4\libm.a(fp_pscB.o)
 .bss           0x00000000        0x0 c:/program files (x86)/atmel/studio/7.0/toolchain/avr8/avr8-gnu-toolchain/bin/../lib/gcc/avr/5.4.0/../../../../avr/lib/avr4\libm.a(fp_pscB.o)
 .text.avr-libc.fplib
                0x00000000        0xe c:/program files (x86)/atmel/studio/7.0/toolchain/avr8/avr8-gnu-toolchain/bin/../lib/gcc/avr/5.4.0/../../../../avr/lib/avr4\libm.a(fp_pscB.o)
 .text          0x00000000        0x0 c:/program files (x86)/atmel/studio/7.0/toolchain/avr8/avr8-gnu-toolchain/bin/../lib/gcc/avr/5.4.0/../../../../avr/lib/avr4\libm.a(fp_round.o)
 .data          0x00000000        0x0 c:/program files (x86)/atmel/studio/7.0/toolchain/avr8/avr8-gnu-toolchain/bin/../lib/gcc/avr/5.4.0/../../../../avr/lib/avr4\libm.a(fp_round.o)
 .bss           0x00000000        0x0 c:/program files (x86)/atmel/studio/7.0/toolchain/avr8/avr8-gnu-toolchain/bin/../lib/gcc/avr/5.4.0/../../../../avr/lib/avr4\libm.a(fp_round.o)
 .text.avr-libc.fplib
                0x00000000       0x22 c:/program files (x86)/atmel/studio/7.0/toolchain/avr8/avr8-gnu-toolchain/bin/../lib/gcc/avr/5.4.0/../../../../avr/lib/avr4\libm.a(fp_round.o)
 .text          0x00000000        0x0 c:/program files (x86)/atmel/studio/7.0/toolchain/avr8/avr8-gnu-toolchain/bin/../lib/gcc/avr/5.4.0/../../../../avr/lib/avr4\libm.a(fp_split3.o)
 .data          0x00000000        0x0 c:/program files (x86)/atmel/studio/7.0/toolchain/avr8/avr8-gnu-toolchain/bin/../lib/gcc/avr/5.4.0/../../../../avr/lib/avr4\libm.a(fp_split3.o)
 .bss           0x00000000        0x0 c:/program files (x86)/atmel/studio/7.0/toolchain/avr8/avr8-gnu-toolchain/bin/../lib/gcc/avr/5.4.0/../../../../avr/lib/avr4\libm.a(fp_split3.o)
 .text.avr-libc.fplib
                0x00000000       0x44 c:/program files (x86)/atmel/studio/7.0/toolchain/avr8/avr8-gnu-toolchain/bin/../lib/gcc/avr/5.4.0/../../../../avr/lib/avr4\libm.a(fp_split3.o)
 .text          0x00000000        0x0 c:/program files (x86)/atmel/studio/7.0/toolchain/avr8/avr8-gnu-toolchain/bin/../lib/gcc/avr/5.4.0/../../../../avr/lib/avr4\libm.a(fp_zero.o)
 .data          0x00000000        0x0 c:/program files (x86)/atmel/studio/7.0/toolchain/avr8/avr8-gnu-toolchain/bin/../lib/gcc/avr/5.4.0/../../../../avr/lib/avr4\libm.a(fp_zero.o)
 .bss           0x00000000        0x0 c:/program files (x86)/atmel/studio/7.0/toolchain/avr8/avr8-gnu-toolchain/bin/../lib/gcc/avr/5.4.0/../../../../avr/lib/avr4\libm.a(fp_zero.o)
 .text.avr-libc.fplib
                0x00000000        0xe c:/program files (x86)/atmel/studio/7.0/toolchain/avr8/avr8-gnu-toolchain/bin/../lib/gcc/avr/5.4.0/../../../../avr/lib/avr4\libm.a(fp_zero.o)
 .text          0x00000000        0x0 c:/program files (x86)/atmel/studio/7.0/toolchain/avr8/avr8-gnu-toolchain/bin/../lib/gcc/avr/5.4.0/../../../../avr/lib/avr4\libm.a(gesf2.o)
 .data          0x00000000        0x0 c:/program files (x86)/atmel/studio/7.0/toolchain/avr8/avr8-gnu-toolchain/bin/../lib/gcc/avr/5.4.0/../../../../avr/lib/avr4\libm.a(gesf2.o)
 .bss           0x00000000        0x0 c:/program files (x86)/atmel/studio/7.0/toolchain/avr8/avr8-gnu-toolchain/bin/../lib/gcc/avr/5.4.0/../../../../avr/lib/avr4\libm.a(gesf2.o)
 .text.avr-libc.fplib
                0x00000000        0x8 c:/program files (x86)/atmel/studio/7.0/toolchain/avr8/avr8-gnu-toolchain/bin/../lib/gcc/avr/5.4.0/../../../../avr/lib/avr4\libm.a(gesf2.o)
 .text          0x00000000        0x0 c:/program files (x86)/atmel/studio/7.0/toolchain/avr8/avr8-gnu-toolchain/bin/../lib/gcc/avr/5.4.0/../../../../avr/lib/avr4\libm.a(mulsf3.o)
 .data          0x00000000        0x0 c:/program files (x86)/atmel/studio/7.0/toolchain/avr8/avr8-gnu-toolchain/bin/../lib/gcc/avr/5.4.0/../../../../avr/lib/avr4\libm.a(mulsf3.o)
 .bss           0x00000000        0x0 c:/program files (x86)/atmel/studio/7.0/toolchain/avr8/avr8-gnu-toolchain/bin/../lib/gcc/avr/5.4.0/../../../../avr/lib/avr4\libm.a(mulsf3.o)
 .text.avr-libc.fplib
                0x00000000        0x4 c:/program files (x86)/atmel/studio/7.0/toolchain/avr8/avr8-gnu-toolchain/bin/../lib/gcc/avr/5.4.0/../../../../avr/lib/avr4\libm.a(mulsf3.o)
 .text          0x00000000        0x0 c:/program files (x86)/atmel/studio/7.0/toolchain/avr8/avr8-gnu-toolchain/bin/../lib/gcc/avr/5.4.0/../../../../avr/lib/avr4\libm.a(mulsf3x.o)
 .data          0x00000000        0x0 c:/program files (x86)/atmel/studio/7.0/toolchain/avr8/avr8-gnu-toolchain/bin/../lib/gcc/avr/5.4.0/../../../../avr/lib/avr4\libm.a(mulsf3x.o)
 .bss           0x00000000        0x0 c:/program files (x86)/atmel/studio/7.0/toolchain/avr8/avr8-gnu-toolchain/bin/../lib/gcc/avr/5.4.0/../../../../avr/lib/avr4\libm.a(mulsf3x.o)
 .text.avr-libc.fplib
                0x00000000       0xc2 c:/program files (x86)/atmel/studio/7.0/toolchain/avr8/avr8-gnu-toolchain/bin/../lib/gcc/avr/5.4.0/../../../../avr/lib/avr4\libm.a(mulsf3x.o)
 .text          0x00000000        0x0 c:/program files (x86)/atmel/studio/7.0/toolchain/avr8/avr8-gnu-toolchain/bin/../lib/gcc/avr/5.4.0/../../../../avr/lib/avr4\libm.a(unordsf2.o)
 .data          0x00000000        0x0 c:/program files (x86)/atmel/studio/7.0/toolchain/avr8/avr8-gnu-toolchain/bin/../lib/gcc/avr/5.4.0/../../../../avr/lib/avr4\libm.a(unordsf2.o)
 .bss           0x00000000        0x0 c:/program files (x86)/atmel/studio/7.0/toolchain/avr8/avr8-gnu-toolchain/bin/../lib/gcc/avr/5.4.0/../../../../avr/lib/avr4\libm.a(unordsf2.o)
 .text.avr-libc.fplib
                0x00000000        0x8 c:/program files (x86)/atmel/studio/7.0/toolchain/avr8/avr8-gnu-toolchain/bin/../lib/gcc/avr/5.4.0/../../../../avr/lib/avr4\libm.a(unordsf2.o)
 .text          0x00000000        0x0 c:/program files (x86)/atmel/studio/7.0/toolchain/avr8/avr8-gnu-toolchain/bin/../lib/gcc/avr/5.4.0/avr4\libgcc.a(_udivmodsi4.o)
 .data          0x00000000        0x0 c:/program files (x86)/atmel/studio/7.0/toolchain/avr8/avr8-gnu-toolchain/bin/../lib/gcc/avr/5.4.0/avr4\libgcc.a(_udivmodsi4.o)
 .bss           0x00000000        0x0 c:/program files (x86)/atmel/studio/7.0/toolchain/avr8/avr8-gnu-toolchain/bin/../lib/gcc/avr/5.4.0/avr4\libgcc.a(_udivmodsi4.o)
 .text.libgcc.mul
                0x00000000        0x0 c:/program files (x86)/atmel/studio/7.0/toolchain/avr8/avr8-gnu-toolchain/bin/../lib/gcc/avr/5.4.0/avr4\libgcc.a(_udivmodsi4.o)
 .text.libgcc   0x00000000        0x0 c:/program files (x86)/atmel/studio/7.0/toolchain/avr8/avr8-gnu-toolchain/bin/../lib/gcc/avr/5.4.0/avr4\libgcc.a(_udivmodsi4.o)
 .text.libgcc.prologue
                0x00000000        0x0 c:/program files (x86)/atmel/studio/7.0/toolchain/avr8/avr8-gnu-toolchain/bin/../lib/gcc/avr/5.4.0/avr4\libgcc.a(_udivmodsi4.o)
 .text.libgcc.builtins
                0x00000000        0x0 c:/program files (x86)/atmel/studio/7.0/toolchain/avr8/avr8-gnu-toolchain/bin/../lib/gcc/avr/5.4.0/avr4\libgcc.a(_udivmodsi4.o)
 .text.libgcc.fmul
                0x00000000        0x0 c:/program files (x86)/atmel/studio/7.0/toolchain/avr8/avr8-gnu-toolchain/bin/../lib/gcc/avr/5.4.0/avr4\libgcc.a(_udivmodsi4.o)
 .text.libgcc.fixed
                0x00000000        0x0 c:/program files (x86)/atmel/studio/7.0/toolchain/avr8/avr8-gnu-toolchain/bin/../lib/gcc/avr/5.4.0/avr4\libgcc.a(_udivmodsi4.o)
 .text          0x00000000        0x0 c:/program files (x86)/atmel/studio/7.0/toolchain/avr8/avr8-gnu-toolchain/bin/../lib/gcc/avr/5.4.0/avr4\libgcc.a(_exit.o)
 .data          0x00000000        0x0 c:/program files (x86)/atmel/studio/7.0/toolchain/avr8/avr8-gnu-toolchain/bin/../lib/gcc/avr/5.4.0/avr4\libgcc.a(_exit.o)
 .bss           0x00000000        0x0 c:/program files (x86)/atmel/studio/7.0/toolchain/avr8/avr8-gnu-toolchain/bin/../lib/gcc/avr/5.4.0/avr4\libgcc.a(_exit.o)
 .text.libgcc.mul
                0x00000000        0x0 c:/program files (x86)/atmel/studio/7.0/toolchain/avr8/avr8-gnu-toolchain/bin/../lib/gcc/avr/5.4.0/avr4\libgcc.a(_exit.o)
 .text.libgcc.div
                0x00000000        0x0 c:/program files (x86)/atmel/studio/7.0/toolchain/avr8/avr8-gnu-toolchain/bin/../lib/gcc/avr/5.4.0/avr4\libgcc.a(_exit.o)
 .text.libgcc   0x00000000        0x0 c:/program files (x86)/atmel/studio/7.0/toolchain/avr8/avr8-gnu-toolchain/bin/../lib/gcc/avr/5.4.0/avr4\libgcc.a(_exit.o)
 .text.libgcc.prologue
                0x00000000        0x0 c:/program files (x86)/atmel/studio/7.0/toolchain/avr8/avr8-gnu-toolchain/bin/../lib/gcc/avr/5.4.0/avr4\libgcc.a(_exit.o)
 .text.libgcc.builtins
                0x00000000        0x0 c:/program files (x86)/atmel/studio/7.0/toolchain/avr8/avr8-gnu-toolchain/bin/../lib/gcc/avr/5.4.0/avr4\libgcc.a(_exit.o)
 .text.libgcc.fmul
                0x00000000        0x0 c:/program files (x86)/atmel/studio/7.0/toolchain/avr8/avr8-gnu-toolchain/bin/../lib/gcc/avr/5.4.0/avr4\libgcc.a(_exit.o)
 .text.libgcc.fixed
                0x00000000        0x0 c:/program files (x86)/atmel/studio/7.0/toolchain/avr8/avr8-gnu-toolchain/bin/../lib/gcc/avr/5.4.0/avr4\libgcc.a(_exit.o)
 .text          0x00000000        0x0 c:/program files (x86)/atmel/studio/7.0/toolchain/avr8/avr8-gnu-toolchain/bin/../lib/gcc/avr/5.4.0/avr4\libgcc.a(_copy_data.o)
 .data          0x00000000        0x0 c:/program files (x86)/atmel/studio/7.0/toolchain/avr8/avr8-gnu-toolchain/bin/../lib/gcc/avr/5.4.0/avr4\libgcc.a(_copy_data.o)
 .bss           0x00000000        0x0 c:/program files (x86)/atmel/studio/7.0/toolchain/avr8/avr8-gnu-toolchain/bin/../lib/gcc/avr/5.4.0/avr4\libgcc.a(_copy_data.o)
 .text.libgcc.mul
                0x00000000        0x0 c:/program files (x86)/atmel/studio/7.0/toolchain/avr8/avr8-gnu-toolchain/bin/../lib/gcc/avr/5.4.0/avr4\libgcc.a(_copy_data.o)
 .text.libgcc.div
                0x00000000        0x0 c:/program files (x86)/atmel/studio/7.0/toolchain/avr8/avr8-gnu-toolchain/bin/../lib/gcc/avr/5.4.0/avr4\libgcc.a(_copy_data.o)
 .text.libgcc   0x00000000        0x0 c:/program files (x86)/atmel/studio/7.0/toolchain/avr8/avr8-gnu-toolchain/bin/../lib/gcc/avr/5.4.0/avr4\libgcc.a(_copy_data.o)
 .text.libgcc.prologue
                0x00000000        0x0 c:/program files (x86)/atmel/studio/7.0/toolchain/avr8/avr8-gnu-toolchain/bin/../lib/gcc/avr/5.4.0/avr4\libgcc.a(_copy_data.o)
 .text.libgcc.builtins
                0x00000000        0x0 c:/program files (x86)/atmel/studio/7.0/toolchain/avr8/avr8-gnu-toolchain/bin/../lib/gcc/avr/5.4.0/avr4\libgcc.a(_copy_data.o)
 .text.libgcc.fmul
                0x00000000        0x0 c:/program files (x86)/atmel/studio/7.0/toolchain/avr8/avr8-gnu-toolchain/bin/../lib/gcc/avr/5.4.0/avr4\libgcc.a(_copy_data.o)
 .text.libgcc.fixed
                0x00000000        0x0 c:/program files (x86)/atmel/studio/7.0/toolchain/avr8/avr8-gnu-toolchain/bin/../lib/gcc/avr/5.4.0/avr4\libgcc.a(_copy_data.o)
 .text          0x00000000        0x0 c:/program files (x86)/atmel/studio/7.0/toolchain/avr8/avr8-gnu-toolchain/bin/../lib/gcc/avr/5.4.0/avr4\libgcc.a(_clear_bss.o)
 .data          0x00000000        0x0 c:/program files (x86)/atmel/studio/7.0/toolchain/avr8/avr8-gnu-toolchain/bin/../lib/gcc/avr/5.4.0/avr4\libgcc.a(_clear_bss.o)
 .bss           0x00000000        0x0 c:/program files (x86)/atmel/studio/7.0/toolchain/avr8/avr8-gnu-toolchain/bin/../lib/gcc/avr/5.4.0/avr4\libgcc.a(_clear_bss.o)
 .text.libgcc.mul
                0x00000000        0x0 c:/program files (x86)/atmel/studio/7.0/toolchain/avr8/avr8-gnu-toolchain/bin/../lib/gcc/avr/5.4.0/avr4\libgcc.a(_clear_bss.o)
 .text.libgcc.div
                0x00000000        0x0 c:/program files (x86)/atmel/studio/7.0/toolchain/avr8/avr8-gnu-toolchain/bin/../lib/gcc/avr/5.4.0/avr4\libgcc.a(_clear_bss.o)
 .text.libgcc   0x00000000        0x0 c:/program files (x86)/atmel/studio/7.0/toolchain/avr8/avr8-gnu-toolchain/bin/../lib/gcc/avr/5.4.0/avr4\libgcc.a(_clear_bss.o)
 .text.libgcc.prologue
                0x00000000        0x0 c:/program files (x86)/atmel/studio/7.0/toolchain/avr8/avr8-gnu-toolchain/bin/../lib/gcc/avr/5.4.0/avr4\libgcc.a(_clear_bss.o)
 .text.libgcc.builtins
                0x00000000        0x0 c:/program files (x86)/atmel/studio/7.0/toolchain/avr8/avr8-gnu-toolchain/bin/../lib/gcc/avr/5.4.0/avr4\libgcc.a(_clear_bss.o)
 .text.libgcc.fmul
                0x00000000        0x0 c:/program files (x86)/atmel/studio/7.0/toolchain/avr8/avr8-gnu-toolchain/bin/../lib/gcc/avr/5.4.0/avr4\libgcc.a(_clear_bss.o)
 .text.libgcc.fixed
                0x00000000        0x0 c:/program files (x86)/atmel/studio/7.0/toolchain/avr8/avr8-gnu-toolchain/bin/../lib/gcc/avr/5.4.0/avr4\libgcc.a(_clear_bss.o)
 .text          0x00000000        0x0 c:/program files (x86)/atmel/studio/7.0/toolchain/avr8/avr8-gnu-toolchain/bin/../lib/gcc/avr/5.4.0/avr4\libgcc.a(_ctors.o)
 .data          0x00000000        0x0 c:/program files (x86)/atmel/studio/7.0/toolchain/avr8/avr8-gnu-toolchain/bin/../lib/gcc/avr/5.4.0/avr4\libgcc.a(_ctors.o)
 .bss           0x00000000        0x0 c:/program files (x86)/atmel/studio/7.0/toolchain/avr8/avr8-gnu-toolchain/bin/../lib/gcc/avr/5.4.0/avr4\libgcc.a(_ctors.o)
 .text.libgcc.mul
                0x00000000        0x0 c:/program files (x86)/atmel/studio/7.0/toolchain/avr8/avr8-gnu-toolchain/bin/../lib/gcc/avr/5.4.0/avr4\libgcc.a(_ctors.o)
 .text.libgcc.div
                0x00000000        0x0 c:/program files (x86)/atmel/studio/7.0/toolchain/avr8/avr8-gnu-toolchain/bin/../lib/gcc/avr/5.4.0/avr4\libgcc.a(_ctors.o)
 .text.libgcc   0x00000000        0x0 c:/program files (x86)/atmel/studio/7.0/toolchain/avr8/avr8-gnu-toolchain/bin/../lib/gcc/avr/5.4.0/avr4\libgcc.a(_ctors.o)
 .text.libgcc.prologue
                0x00000000        0x0 c:/program files (x86)/atmel/studio/7.0/toolchain/avr8/avr8-gnu-toolchain/bin/../lib/gcc/avr/5.4.0/avr4\libgcc.a(_ctors.o)
 .text.libgcc.builtins
                0x00000000        0x0 c:/program files (x86)/atmel/studio/7.0/toolchain/avr8/avr8-gnu-toolchain/bin/../lib/gcc/avr/5.4.0/avr4\libgcc.a(_ctors.o)
 .text.libgcc.fmul
                0x00000000        0x0 c:/program files (x86)/atmel/studio/7.0/toolchain/avr8/avr8-gnu-toolchain/bin/../lib/gcc/avr/5.4.0/avr4\libgcc.a(_ctors.o)
 .text.libgcc.fixed
                0x00000000        0x0 c:/program files (x86)/atmel/studio/7.0/toolchain/avr8/avr8-gnu-toolchain/bin/../lib/gcc/avr/5.4.0/avr4\libgcc.a(_ctors.o)
 .text          0x00000000        0x0 c:/program files (x86)/atmel/studio/7.0/toolchain/avr8/avr8-gnu-toolchain/bin/../lib/gcc/avr/5.4.0/avr4\libgcc.a(_tablejump2.o)
 .data          0x00000000        0x0 c:/program files (x86)/atmel/studio/7.0/toolchain/avr8/avr8-gnu-toolchain/bin/../lib/gcc/avr/5.4.0/avr4\libgcc.a(_tablejump2.o)
 .bss           0x00000000        0x0 c:/program files (x86)/atmel/studio/7.0/toolchain/avr8/avr8-gnu-toolchain/bin/../lib/gcc/avr/5.4.0/avr4\libgcc.a(_tablejump2.o)
 .text.libgcc.mul
                0x00000000        0x0 c:/program files (x86)/atmel/studio/7.0/toolchain/avr8/avr8-gnu-toolchain/bin/../lib/gcc/avr/5.4.0/avr4\libgcc.a(_tablejump2.o)
 .text.libgcc.div
                0x00000000        0x0 c:/program files (x86)/atmel/studio/7.0/toolchain/avr8/avr8-gnu-toolchain/bin/../lib/gcc/avr/5.4.0/avr4\libgcc.a(_tablejump2.o)
 .text.libgcc.prologue
                0x00000000        0x0 c:/program files (x86)/atmel/studio/7.0/toolchain/avr8/avr8-gnu-toolchain/bin/../lib/gcc/avr/5.4.0/avr4\libgcc.a(_tablejump2.o)
 .text.libgcc.builtins
                0x00000000        0x0 c:/program files (x86)/atmel/studio/7.0/toolchain/avr8/avr8-gnu-toolchain/bin/../lib/gcc/avr/5.4.0/avr4\libgcc.a(_tablejump2.o)
 .text.libgcc.fmul
                0x00000000        0x0 c:/program files (x86)/atmel/studio/7.0/toolchain/avr8/avr8-gnu-toolchain/bin/../lib/gcc/avr/5.4.0/avr4\libgcc.a(_tablejump2.o)
 .text.libgcc.fixed
                0x00000000        0x0 c:/program files (x86)/atmel/studio/7.0/toolchain/avr8/avr8-gnu-toolchain/bin/../lib/gcc/avr/5.4.0/avr4\libgcc.a(_tablejump2.o)
 .text          0x00000000        0x0 c:/program files (x86)/atmel/studio/7.0/toolchain/avr8/avr8-gnu-toolchain/bin/../lib/gcc/avr/5.4.0/../../../../avr/lib/avr4\libc.a(abort.o)
 .data          0x00000000        0x0 c:/program files (x86)/atmel/studio/7.0/toolchain/avr8/avr8-gnu-toolchain/bin/../lib/gcc/avr/5.4.0/../../../../avr/lib/avr4\libc.a(abort.o)
 .bss           0x00000000        0x0 c:/program files (x86)/atmel/studio/7.0/toolchain/avr8/avr8-gnu-toolchain/bin/../lib/gcc/avr/5.4.0/../../../../avr/lib/avr4\libc.a(abort.o)
 .text.avr-libc
                0x00000000        0x8 c:/program files (x86)/atmel/studio/7.0/toolchain/avr8/avr8-gnu-toolchain/bin/../lib/gcc/avr/5.4.0/../../../../avr/lib/avr4\libc.a(abort.o)

Memory Configuration

Name             Origin             Length             Attributes
text             0x00000000         0x00002000         xr
data             0x00800100         0x00000400         rw !x
eeprom           0x00810000         0x00000200         rw !x
fuse             0x00820000         0x00000003         rw !x
lock             0x00830000         0x00000400         rw !x
signature        0x00840000         0x00000400         rw !x
user_signatures  0x00850000         0x00000400         rw !x
*default*        0x00000000         0xffffffff

Linker script and memory map

Address of section .data set to 0x800100
LOAD C:/Program Files (x86)/Atmel/Studio/7.0/Packs/atmel/ATmega_DFP/1.6.364/gcc/dev/atmega88a/avr4/crtatmega88a.o
LOAD Sketch.o
START GROUP
LOAD c:/program files (x86)/atmel/studio/7.0/toolchain/avr8/avr8-gnu-toolchain/bin/../lib/gcc/avr/5.4.0/../../../../avr/lib/avr4\libm.a
LOAD K:\test_motorkit\firmware_motorkit\firmware_motorkit\ArduinoCore\Debug\libArduinoCore.a
END GROUP
LOAD c:/program files (x86)/atmel/studio/7.0/toolchain/avr8/avr8-gnu-toolchain/bin/../lib/gcc/avr/5.4.0/avr4\libgcc.a
LOAD c:/program files (x86)/atmel/studio/7.0/toolchain/avr8/avr8-gnu-toolchain/bin/../lib/gcc/avr/5.4.0/../../../../avr/lib/avr4\libm.a
START GROUP
LOAD c:/program files (x86)/atmel/studio/7.0/toolchain/avr8/avr8-gnu-toolchain/bin/../lib/gcc/avr/5.4.0/avr4\libgcc.a
LOAD c:/program files (x86)/atmel/studio/7.0/toolchain/avr8/avr8-gnu-toolchain/bin/../lib/gcc/avr/5.4.0/../../../../avr/lib/avr4\libm.a
LOAD c:/program files (x86)/atmel/studio/7.0/toolchain/avr8/avr8-gnu-toolchain/bin/../lib/gcc/avr/5.4.0/../../../../avr/lib/avr4\libc.a
LOAD C:/Program Files (x86)/Atmel/Studio/7.0/Packs/atmel/ATmega_DFP/1.6.364/gcc/dev/atmega88a/avr4\libatmega88a.a
END GROUP
                0x00000000                __TEXT_REGION_ORIGIN__ = DEFINED (__TEXT_REGION_ORIGIN__)?__TEXT_REGION_ORIGIN__:0x0
                [0x00800100]                __DATA_REGION_ORIGIN__ = DEFINED (__DATA_REGION_ORIGIN__)?__DATA_REGION_ORIGIN__:0x800060
                [0x00002000]                __TEXT_REGION_LENGTH__ = DEFINED (__TEXT_REGION_LENGTH__)?__TEXT_REGION_LENGTH__:0x2000
                [0x00000400]                __DATA_REGION_LENGTH__ = DEFINED (__DATA_REGION_LENGTH__)?__DATA_REGION_LENGTH__:0xffa0
                [0x00000200]                __EEPROM_REGION_LENGTH__ = DEFINED (__EEPROM_REGION_LENGTH__)?__EEPROM_REGION_LENGTH__:0x10000
                [0x00000003]                __FUSE_REGION_LENGTH__ = DEFINED (__FUSE_REGION_LENGTH__)?__FUSE_REGION_LENGTH__:0x400
                0x00000400                __LOCK_REGION_LENGTH__ = DEFINED (__LOCK_REGION_LENGTH__)?__LOCK_REGION_LENGTH__:0x400
                0x00000400                __SIGNATURE_REGION_LENGTH__ = DEFINED (__SIGNATURE_REGION_LENGTH__)?__SIGNATURE_REGION_LENGTH__:0x400
                0x00000400                __USER_SIGNATURE_REGION_LENGTH__ = DEFINED (__USER_SIGNATURE_REGION_LENGTH__)?__USER_SIGNATURE_REGION_LENGTH__:0x400

.hash
 *(.hash)

.dynsym
 *(.dynsym)

.dynstr
 *(.dynstr)

.gnu.version
 *(.gnu.version)

.gnu.version_d
 *(.gnu.version_d)

.gnu.version_r
 *(.gnu.version_r)

.rel.init
 *(.rel.init)

.rela.init
 *(.rela.init)

.rel.text
 *(.rel.text)
 *(.rel.text.*)
 *(.rel.gnu.linkonce.t*)

.rela.text
 *(.rela.text)
 *(.rela.text.*)
 *(.rela.gnu.linkonce.t*)

.rel.fini
 *(.rel.fini)

.rela.fini
 *(.rela.fini)

.rel.rodata
 *(.rel.rodata)
 *(.rel.rodata.*)
 *(.rel.gnu.linkonce.r*)

.rela.rodata
 *(.rela.rodata)
 *(.rela.rodata.*)
 *(.rela.gnu.linkonce.r*)

.rel.data
 *(.rel.data)
 *(.rel.data.*)
 *(.rel.gnu.linkonce.d*)

.rela.data
 *(.rela.data)
 *(.rela.data.*)
 *(.rela.gnu.linkonce.d*)

.rel.ctors
 *(.rel.ctors)

.rela.ctors
 *(.rela.ctors)

.rel.dtors
 *(.rel.dtors)

.rela.dtors
 *(.rela.dtors)

.rel.got
 *(.rel.got)

.rela.got
 *(.rela.got)

.rel.bss
 *(.rel.bss)

.rela.bss
 *(.rela.bss)

.rel.plt
 *(.rel.plt)

.rela.plt
 *(.rela.plt)

.text           0x00000000      0xdb6
 *(.vectors)
 .vectors       0x00000000       0x34 C:/Program Files (x86)/Atmel/Studio/7.0/Packs/atmel/ATmega_DFP/1.6.364/gcc/dev/atmega88a/avr4/crtatmega88a.o
                0x00000000                __vector_default
                0x00000000                __vectors
 *(.vectors)
 *(.progmem.gcc*)
                0x00000034                . = ALIGN (0x2)
                0x00000034                __trampolines_start = .
 *(.trampolines)
 .trampolines   0x00000034        0x0 linker stubs
 *(.trampolines*)
                0x00000034                __trampolines_end = .
 *libprintf_flt.a:*(.progmem.data)
 *libc.a:*(.progmem.data)
 *(.progmem*)
 .progmem.data.digital_pin_to_timer_PGM
                0x00000034       0x14 K:\test_motorkit\firmware_motorkit\firmware_motorkit\ArduinoCore\Debug\libArduinoCore.a(wiring_digital.o)
                0x00000034                digital_pin_to_timer_PGM
 .progmem.data.digital_pin_to_bit_mask_PGM
                0x00000048       0x14 K:\test_motorkit\firmware_motorkit\firmware_motorkit\ArduinoCore\Debug\libArduinoCore.a(wiring_digital.o)
                0x00000048                digital_pin_to_bit_mask_PGM
 .progmem.data.digital_pin_to_port_PGM
                0x0000005c       0x14 K:\test_motorkit\firmware_motorkit\firmware_motorkit\ArduinoCore\Debug\libArduinoCore.a(wiring_digital.o)
                0x0000005c                digital_pin_to_port_PGM
 .progmem.data.port_to_input_PGM
                0x00000070        0xa K:\test_motorkit\firmware_motorkit\firmware_motorkit\ArduinoCore\Debug\libArduinoCore.a(wiring_digital.o)
                0x00000070                port_to_input_PGM
 .progmem.data.port_to_output_PGM
                0x0000007a        0xa K:\test_motorkit\firmware_motorkit\firmware_motorkit\ArduinoCore\Debug\libArduinoCore.a(wiring_digital.o)
                0x0000007a                port_to_output_PGM
 .progmem.data.port_to_mode_PGM
                0x00000084        0xa K:\test_motorkit\firmware_motorkit\firmware_motorkit\ArduinoCore\Debug\libArduinoCore.a(wiring_digital.o)
                0x00000084                port_to_mode_PGM
                0x0000008e                . = ALIGN (0x2)
 *(.jumptables)
 *(.jumptables*)
 *(.lowtext)
 *(.lowtext*)
                0x0000008e                __ctors_start = .
 *(.ctors)
 .ctors         0x0000008e        0x2 K:\test_motorkit\firmware_motorkit\firmware_motorkit\ArduinoCore\Debug\libArduinoCore.a(HardwareSerial0.o)
                0x00000090                __ctors_end = .
                0x00000090                __dtors_start = .
 *(.dtors)
                0x00000090                __dtors_end = .
 SORT(*)(.ctors)
 SORT(*)(.dtors)
 *(.init0)
 .init0         0x00000090        0x0 C:/Program Files (x86)/Atmel/Studio/7.0/Packs/atmel/ATmega_DFP/1.6.364/gcc/dev/atmega88a/avr4/crtatmega88a.o
                0x00000090                __init
 *(.init0)
 *(.init1)
 *(.init1)
 *(.init2)
 .init2         0x00000090        0xc C:/Program Files (x86)/Atmel/Studio/7.0/Packs/atmel/ATmega_DFP/1.6.364/gcc/dev/atmega88a/avr4/crtatmega88a.o
 *(.init2)
 *(.init3)
 *(.init3)
 *(.init4)
 .init4         0x0000009c       0x16 c:/program files (x86)/atmel/studio/7.0/toolchain/avr8/avr8-gnu-toolchain/bin/../lib/gcc/avr/5.4.0/avr4\libgcc.a(_copy_data.o)
                0x0000009c                __do_copy_data
 .init4         0x000000b2       0x10 c:/program files (x86)/atmel/studio/7.0/toolchain/avr8/avr8-gnu-toolchain/bin/../lib/gcc/avr/5.4.0/avr4\libgcc.a(_clear_bss.o)
                0x000000b2                __do_clear_bss
 *(.init4)
 *(.init5)
 *(.init5)
 *(.init6)
 .init6         0x000000c2       0x14 c:/program files (x86)/atmel/studio/7.0/toolchain/avr8/avr8-gnu-toolchain/bin/../lib/gcc/avr/5.4.0/avr4\libgcc.a(_ctors.o)
                0x000000c2                __do_global_ctors
 *(.init6)
 *(.init7)
 *(.init7)
 *(.init8)
 *(.init8)
 *(.init9)
 .init9         0x000000d6        0x4 C:/Program Files (x86)/Atmel/Studio/7.0/Packs/atmel/ATmega_DFP/1.6.364/gcc/dev/atmega88a/avr4/crtatmega88a.o
 *(.init9)
 *(.text)
 .text          0x000000da        0x2 C:/Program Files (x86)/Atmel/Studio/7.0/Packs/atmel/ATmega_DFP/1.6.364/gcc/dev/atmega88a/avr4/crtatmega88a.o
                0x000000da                __vector_22
                0x000000da                __vector_1
                0x000000da                __vector_24
                0x000000da                __vector_12
                0x000000da                __bad_interrupt
                0x000000da                __vector_6
                0x000000da                __vector_3
                0x000000da                __vector_23
                0x000000da                __vector_25
                0x000000da                __vector_11
                0x000000da                __vector_13
                0x000000da                __vector_17
                0x000000da                __vector_7
                0x000000da                __vector_5
                0x000000da                __vector_4
                0x000000da                __vector_9
                0x000000da                __vector_2
                0x000000da                __vector_21
                0x000000da                __vector_15
                0x000000da                __vector_8
                0x000000da                __vector_14
                0x000000da                __vector_10
                0x000000da                __vector_20
                0x000000dc                . = ALIGN (0x2)
 *(.text.*)
 .text._Z9led_onoffb.part.0
                0x000000dc        0x6 Sketch.o
 .text._Z9led_onoffb
                0x000000e2        0xa Sketch.o
                0x000000e2                _Z9led_onoffb
 .text.setup    0x000000ec       0x3a Sketch.o
                0x000000ec                setup
 .text._Z8key_procv
                0x00000126      0x124 Sketch.o
                0x00000126                _Z8key_procv
 .text._Z10event_proch
                0x0000024a       0x60 Sketch.o
                0x0000024a                _Z10event_proch
 .text._Z10Motor_stopv
                0x000002aa        0xc Sketch.o
                0x000002aa                _Z10Motor_stopv
 .text._Z22Motor_direction_changeh
                0x000002b6       0x26 Sketch.o
                0x000002b6                _Z22Motor_direction_changeh
 .text._Z8app_proch
                0x000002dc      0x2ae Sketch.o
                0x000002dc                _Z8app_proch
 .text.loop     0x0000058a       0x3c Sketch.o
                0x0000058a                loop
 .text.__vector_18
                0x000005c6       0x64 K:\test_motorkit\firmware_motorkit\firmware_motorkit\ArduinoCore\Debug\libArduinoCore.a(HardwareSerial0.o)
                0x000005c6                __vector_18
 .text.__vector_19
                0x0000062a       0x4a K:\test_motorkit\firmware_motorkit\firmware_motorkit\ArduinoCore\Debug\libArduinoCore.a(HardwareSerial0.o)
                0x0000062a                __vector_19
 .text._Z17Serial0_availablev
                0x00000674       0x12 K:\test_motorkit\firmware_motorkit\firmware_motorkit\ArduinoCore\Debug\libArduinoCore.a(HardwareSerial0.o)
                0x00000674                _Z17Serial0_availablev
 .text.startup._GLOBAL__sub_I___vector_18
                0x00000686       0x5a K:\test_motorkit\firmware_motorkit\firmware_motorkit\ArduinoCore\Debug\libArduinoCore.a(HardwareSerial0.o)
 .text.initVariant
                0x000006e0        0x2 K:\test_motorkit\firmware_motorkit\firmware_motorkit\ArduinoCore\Debug\libArduinoCore.a(main.o)
                0x000006e0                initVariant
 .text.startup.main
                0x000006e2       0x14 K:\test_motorkit\firmware_motorkit\firmware_motorkit\ArduinoCore\Debug\libArduinoCore.a(main.o)
                0x000006e2                main
 .text._ZN5Print5writeEPKhj
                0x000006f6       0x54 K:\test_motorkit\firmware_motorkit\firmware_motorkit\ArduinoCore\Debug\libArduinoCore.a(Print.o)
                0x000006f6                _ZN5Print5writeEPKhj
 .text._ZN5Print5writeEPKc
                0x0000074a       0x2a K:\test_motorkit\firmware_motorkit\firmware_motorkit\ArduinoCore\Debug\libArduinoCore.a(Print.o)
                0x0000074a                _ZN5Print5writeEPKc
 .text._ZN5Print5printEPKc
                0x00000774        0x2 K:\test_motorkit\firmware_motorkit\firmware_motorkit\ArduinoCore\Debug\libArduinoCore.a(Print.o)
                0x00000774                _ZN5Print5printEPKc
 .text._ZN5Print7printlnEv
                0x00000776        0x6 K:\test_motorkit\firmware_motorkit\firmware_motorkit\ArduinoCore\Debug\libArduinoCore.a(Print.o)
                0x00000776                _ZN5Print7printlnEv
 .text._ZN5Print7printlnEPKc
                0x0000077c       0x20 K:\test_motorkit\firmware_motorkit\firmware_motorkit\ArduinoCore\Debug\libArduinoCore.a(Print.o)
                0x0000077c                _ZN5Print7printlnEPKc
 .text._ZN5Print11printNumberEmh
                0x0000079c       0x8e K:\test_motorkit\firmware_motorkit\firmware_motorkit\ArduinoCore\Debug\libArduinoCore.a(Print.o)
                0x0000079c                _ZN5Print11printNumberEmh
 .text._ZN5Print5printEmi
                0x0000082a       0x18 K:\test_motorkit\firmware_motorkit\firmware_motorkit\ArduinoCore\Debug\libArduinoCore.a(Print.o)
                0x0000082a                _ZN5Print5printEmi
 .text._ZN5Print5printEji
                0x00000842        0xa K:\test_motorkit\firmware_motorkit\firmware_motorkit\ArduinoCore\Debug\libArduinoCore.a(Print.o)
                0x00000842                _ZN5Print5printEji
 .text.__vector_16
                0x0000084c       0x94 K:\test_motorkit\firmware_motorkit\firmware_motorkit\ArduinoCore\Debug\libArduinoCore.a(wiring.o)
                0x0000084c                __vector_16
 .text.millis   0x000008e0       0x18 K:\test_motorkit\firmware_motorkit\firmware_motorkit\ArduinoCore\Debug\libArduinoCore.a(wiring.o)
                0x000008e0                millis
 .text.micros   0x000008f8       0x4a K:\test_motorkit\firmware_motorkit\firmware_motorkit\ArduinoCore\Debug\libArduinoCore.a(wiring.o)
                0x000008f8                micros
 .text.delay    0x00000942       0x72 K:\test_motorkit\firmware_motorkit\firmware_motorkit\ArduinoCore\Debug\libArduinoCore.a(wiring.o)
                0x00000942                delay
 .text.delayMicroseconds
                0x000009b4       0x16 K:\test_motorkit\firmware_motorkit\firmware_motorkit\ArduinoCore\Debug\libArduinoCore.a(wiring.o)
                0x000009b4                delayMicroseconds
 .text.init     0x000009ca       0x70 K:\test_motorkit\firmware_motorkit\firmware_motorkit\ArduinoCore\Debug\libArduinoCore.a(wiring.o)
                0x000009ca                init
 .text.turnOffPWM
                0x00000a3a       0x52 K:\test_motorkit\firmware_motorkit\firmware_motorkit\ArduinoCore\Debug\libArduinoCore.a(wiring_digital.o)
 .text.pinMode  0x00000a8c       0x78 K:\test_motorkit\firmware_motorkit\firmware_motorkit\ArduinoCore\Debug\libArduinoCore.a(wiring_digital.o)
                0x00000a8c                pinMode
 .text.digitalWrite
                0x00000b04       0x5c K:\test_motorkit\firmware_motorkit\firmware_motorkit\ArduinoCore\Debug\libArduinoCore.a(wiring_digital.o)
                0x00000b04                digitalWrite
 .text.digitalRead
                0x00000b60       0x50 K:\test_motorkit\firmware_motorkit\firmware_motorkit\ArduinoCore\Debug\libArduinoCore.a(wiring_digital.o)
                0x00000b60                digitalRead
 .text._ZN14HardwareSerial9availableEv
                0x00000bb0       0x18 K:\test_motorkit\firmware_motorkit\firmware_motorkit\ArduinoCore\Debug\libArduinoCore.a(HardwareSerial.o)
                0x00000bb0                _ZN14HardwareSerial9availableEv
 .text._ZN14HardwareSerial4peekEv
                0x00000bc8       0x1c K:\test_motorkit\firmware_motorkit\firmware_motorkit\ArduinoCore\Debug\libArduinoCore.a(HardwareSerial.o)
                0x00000bc8                _ZN14HardwareSerial4peekEv
 .text._ZN14HardwareSerial4readEv
                0x00000be4       0x28 K:\test_motorkit\firmware_motorkit\firmware_motorkit\ArduinoCore\Debug\libArduinoCore.a(HardwareSerial.o)
                0x00000be4                _ZN14HardwareSerial4readEv
 .text._ZN14HardwareSerial17availableForWriteEv
                0x00000c0c       0x1e K:\test_motorkit\firmware_motorkit\firmware_motorkit\ArduinoCore\Debug\libArduinoCore.a(HardwareSerial.o)
                0x00000c0c                _ZN14HardwareSerial17availableForWriteEv
 .text._Z14serialEventRunv
                0x00000c2a       0x18 K:\test_motorkit\firmware_motorkit\firmware_motorkit\ArduinoCore\Debug\libArduinoCore.a(HardwareSerial.o)
                0x00000c2a                _Z14serialEventRunv
 .text._ZN14HardwareSerial17_tx_udr_empty_irqEv
                0x00000c42       0x44 K:\test_motorkit\firmware_motorkit\firmware_motorkit\ArduinoCore\Debug\libArduinoCore.a(HardwareSerial.o)
                0x00000c42                _ZN14HardwareSerial17_tx_udr_empty_irqEv
 .text._ZN14HardwareSerial5writeEh
                0x00000c86       0x98 K:\test_motorkit\firmware_motorkit\firmware_motorkit\ArduinoCore\Debug\libArduinoCore.a(HardwareSerial.o)
                0x00000c86                _ZN14HardwareSerial5writeEh
 .text._ZN14HardwareSerial5flushEv
                0x00000d1e       0x42 K:\test_motorkit\firmware_motorkit\firmware_motorkit\ArduinoCore\Debug\libArduinoCore.a(HardwareSerial.o)
                0x00000d1e                _ZN14HardwareSerial5flushEv
 .text.__empty  0x00000d60        0x2 K:\test_motorkit\firmware_motorkit\firmware_motorkit\ArduinoCore\Debug\libArduinoCore.a(hooks.o)
                0x00000d60                yield
 .text.libgcc.div
                0x00000d62       0x44 c:/program files (x86)/atmel/studio/7.0/toolchain/avr8/avr8-gnu-toolchain/bin/../lib/gcc/avr/5.4.0/avr4\libgcc.a(_udivmodsi4.o)
                0x00000d62                __udivmodsi4
 .text.libgcc   0x00000da6        0xc c:/program files (x86)/atmel/studio/7.0/toolchain/avr8/avr8-gnu-toolchain/bin/../lib/gcc/avr/5.4.0/avr4\libgcc.a(_tablejump2.o)
                0x00000da6                __tablejump2__
                0x00000db2                . = ALIGN (0x2)
 *(.fini9)
 .fini9         0x00000db2        0x0 c:/program files (x86)/atmel/studio/7.0/toolchain/avr8/avr8-gnu-toolchain/bin/../lib/gcc/avr/5.4.0/avr4\libgcc.a(_exit.o)
                0x00000db2                _exit
                0x00000db2                exit
 *(.fini9)
 *(.fini8)
 *(.fini8)
 *(.fini7)
 *(.fini7)
 *(.fini6)
 *(.fini6)
 *(.fini5)
 *(.fini5)
 *(.fini4)
 *(.fini4)
 *(.fini3)
 *(.fini3)
 *(.fini2)
 *(.fini2)
 *(.fini1)
 *(.fini1)
 *(.fini0)
 .fini0         0x00000db2        0x4 c:/program files (x86)/atmel/studio/7.0/toolchain/avr8/avr8-gnu-toolchain/bin/../lib/gcc/avr/5.4.0/avr4\libgcc.a(_exit.o)
 *(.fini0)
                0x00000db6                _etext = .

.data           0x00800100       0x9e load address 0x00000db6
                0x00800100                PROVIDE (__data_start, .)
 *(.data)
 *(.data*)
 .data._ZZ8key_procvE14prev_key_state
                0x00800100        0x4 Sketch.o
 .data._ZZ8key_procvE9key_state
                0x00800104        0x4 Sketch.o
 .data.pin_keys
                0x00800108        0x4 Sketch.o
                0x00800108                pin_keys
 *(.gnu.linkonce.d*)
 *(.rodata)
 *(.rodata*)
 .rodata.str1.1
                0x0080010c       0x70 Sketch.o
 .rodata.str1.1
                0x0080017c        0xf K:\test_motorkit\firmware_motorkit\firmware_motorkit\ArduinoCore\Debug\libArduinoCore.a(Print.o)
 .rodata._ZTV14HardwareSerial
                0x0080018b       0x12 K:\test_motorkit\firmware_motorkit\firmware_motorkit\ArduinoCore\Debug\libArduinoCore.a(HardwareSerial.o)
                0x0080018b                _ZTV14HardwareSerial
 *(.gnu.linkonce.r*)
                0x0080019e                . = ALIGN (0x2)
 *fill*         0x0080019d        0x1 
                0x0080019e                _edata = .
                0x0080019e                PROVIDE (__data_end, .)

.bss            0x0080019e      0x24e
                0x0080019e                PROVIDE (__bss_start, .)
 *(.bss)
 *(.bss*)
 .bss._ZZ8app_prochE8tm_blink
                0x0080019e        0x4 Sketch.o
 .bss._ZZ8app_prochE6nBlink
                0x008001a2        0x1 Sketch.o
 .bss._ZZ10event_prochE16prev_clicked_key
                0x008001a3        0x1 Sketch.o
 .bss._ZZ8key_procvE12pressing_cnt
                0x008001a4        0x4 Sketch.o
 .bss._ZZ8key_procvE14_enter_pressed
                0x008001a8        0x1 Sketch.o
 .bss._ZZ8key_procvE6tm_cnt
                0x008001a9        0x1 Sketch.o
 .bss._ZZ4loopE2tm
                0x008001aa        0x4 Sketch.o
 .bss.g_command_list_rd
                0x008001ae       0xca Sketch.o
                0x008001ae                g_command_list_rd
 .bss.g_command_list
                0x00800278       0xca Sketch.o
                0x00800278                g_command_list
 .bss.clicked_cnt
                0x00800342        0x1 Sketch.o
                0x00800342                clicked_cnt
 .bss.command_key
                0x00800343        0x1 Sketch.o
                0x00800343                command_key
 .bss.clicked_key
                0x00800344        0x1 Sketch.o
                0x00800344                clicked_key
 .bss.ap_state  0x00800345        0x1 Sketch.o
                0x00800345                ap_state
 .bss.Serial    0x00800346       0x9d K:\test_motorkit\firmware_motorkit\firmware_motorkit\ArduinoCore\Debug\libArduinoCore.a(HardwareSerial0.o)
                0x00800346                Serial
 .bss.timer0_fract
                0x008003e3        0x1 K:\test_motorkit\firmware_motorkit\firmware_motorkit\ArduinoCore\Debug\libArduinoCore.a(wiring.o)
 .bss.timer0_millis
                0x008003e4        0x4 K:\test_motorkit\firmware_motorkit\firmware_motorkit\ArduinoCore\Debug\libArduinoCore.a(wiring.o)
                0x008003e4                timer0_millis
 .bss.timer0_overflow_count
                0x008003e8        0x4 K:\test_motorkit\firmware_motorkit\firmware_motorkit\ArduinoCore\Debug\libArduinoCore.a(wiring.o)
                0x008003e8                timer0_overflow_count
 *(COMMON)
                0x008003ec                PROVIDE (__bss_end, .)
                0x00000db6                __data_load_start = LOADADDR (.data)
                0x00000e54                __data_load_end = (__data_load_start + SIZEOF (.data))

.noinit         0x008003ec        0x0
                [!provide]                PROVIDE (__noinit_start, .)
 *(.noinit*)
                [!provide]                PROVIDE (__noinit_end, .)
                0x008003ec                _end = .
                [!provide]                PROVIDE (__heap_start, .)

.eeprom         0x00810000        0x0
 *(.eeprom*)
                0x00810000                __eeprom_end = .

.fuse
 *(.fuse)
 *(.lfuse)
 *(.hfuse)
 *(.efuse)

.lock
 *(.lock*)

.signature
 *(.signature*)

.user_signatures
 *(.user_signatures*)

.stab
 *(.stab)

.stabstr
 *(.stabstr)

.stab.excl
 *(.stab.excl)

.stab.exclstr
 *(.stab.exclstr)

.stab.index
 *(.stab.index)

.stab.indexstr
 *(.stab.indexstr)

.comment        0x00000000       0x30
 *(.comment)
 .comment       0x00000000       0x30 Sketch.o
                                 0x31 (size before relaxing)
 .comment       0x00000030       0x31 K:\test_motorkit\firmware_motorkit\firmware_motorkit\ArduinoCore\Debug\libArduinoCore.a(HardwareSerial0.o)
 .comment       0x00000030       0x31 K:\test_motorkit\firmware_motorkit\firmware_motorkit\ArduinoCore\Debug\libArduinoCore.a(main.o)
 .comment       0x00000030       0x31 K:\test_motorkit\firmware_motorkit\firmware_motorkit\ArduinoCore\Debug\libArduinoCore.a(Print.o)
 .comment       0x00000030       0x31 K:\test_motorkit\firmware_motorkit\firmware_motorkit\ArduinoCore\Debug\libArduinoCore.a(wiring.o)
 .comment       0x00000030       0x31 K:\test_motorkit\firmware_motorkit\firmware_motorkit\ArduinoCore\Debug\libArduinoCore.a(wiring_digital.o)
 .comment       0x00000030       0x31 K:\test_motorkit\firmware_motorkit\firmware_motorkit\ArduinoCore\Debug\libArduinoCore.a(HardwareSerial.o)
 .comment       0x00000030       0x31 K:\test_motorkit\firmware_motorkit\firmware_motorkit\ArduinoCore\Debug\libArduinoCore.a(hooks.o)

.note.gnu.avr.deviceinfo
                0x00000000       0x3c
 .note.gnu.avr.deviceinfo
                0x00000000       0x3c C:/Program Files (x86)/Atmel/Studio/7.0/Packs/atmel/ATmega_DFP/1.6.364/gcc/dev/atmega88a/avr4/crtatmega88a.o

.note.gnu.build-id
 *(.note.gnu.build-id)

.debug
 *(.debug)

.line
 *(.line)

.debug_srcinfo
 *(.debug_srcinfo)

.debug_sfnames
 *(.debug_sfnames)

.debug_aranges  0x00000000      0x2e0
 *(.debug_aranges)
 .debug_aranges
                0x00000000       0x60 Sketch.o
 .debug_aranges
                0x00000060       0x48 K:\test_motorkit\firmware_motorkit\firmware_motorkit\ArduinoCore\Debug\libArduinoCore.a(HardwareSerial0.o)
 .debug_aranges
                0x000000a8       0x30 K:\test_motorkit\firmware_motorkit\firmware_motorkit\ArduinoCore\Debug\libArduinoCore.a(main.o)
 .debug_aranges
                0x000000d8      0x100 K:\test_motorkit\firmware_motorkit\firmware_motorkit\ArduinoCore\Debug\libArduinoCore.a(Print.o)
 .debug_aranges
                0x000001d8       0x48 K:\test_motorkit\firmware_motorkit\firmware_motorkit\ArduinoCore\Debug\libArduinoCore.a(wiring.o)
 .debug_aranges
                0x00000220       0x38 K:\test_motorkit\firmware_motorkit\firmware_motorkit\ArduinoCore\Debug\libArduinoCore.a(wiring_digital.o)
 .debug_aranges
                0x00000258       0x68 K:\test_motorkit\firmware_motorkit\firmware_motorkit\ArduinoCore\Debug\libArduinoCore.a(HardwareSerial.o)
 .debug_aranges
                0x000002c0       0x20 K:\test_motorkit\firmware_motorkit\firmware_motorkit\ArduinoCore\Debug\libArduinoCore.a(hooks.o)

.debug_pubnames
 *(.debug_pubnames)

.debug_info     0x00000000     0x8009
 *(.debug_info .gnu.linkonce.wi.*)
 .debug_info    0x00000000      0x5f4 C:/Program Files (x86)/Atmel/Studio/7.0/Packs/atmel/ATmega_DFP/1.6.364/gcc/dev/atmega88a/avr4/crtatmega88a.o
 .debug_info    0x000005f4      0xb55 Sketch.o
 .debug_info    0x00001149     0x1b16 K:\test_motorkit\firmware_motorkit\firmware_motorkit\ArduinoCore\Debug\libArduinoCore.a(HardwareSerial0.o)
 .debug_info    0x00002c5f      0x237 K:\test_motorkit\firmware_motorkit\firmware_motorkit\ArduinoCore\Debug\libArduinoCore.a(main.o)
 .debug_info    0x00002e96     0x28ff K:\test_motorkit\firmware_motorkit\firmware_motorkit\ArduinoCore\Debug\libArduinoCore.a(Print.o)
 .debug_info    0x00005795      0x2cb K:\test_motorkit\firmware_motorkit\firmware_motorkit\ArduinoCore\Debug\libArduinoCore.a(wiring.o)
 .debug_info    0x00005a60      0x5fe K:\test_motorkit\firmware_motorkit\firmware_motorkit\ArduinoCore\Debug\libArduinoCore.a(wiring_digital.o)
 .debug_info    0x0000605e     0x1f6d K:\test_motorkit\firmware_motorkit\firmware_motorkit\ArduinoCore\Debug\libArduinoCore.a(HardwareSerial.o)
 .debug_info    0x00007fcb       0x3e K:\test_motorkit\firmware_motorkit\firmware_motorkit\ArduinoCore\Debug\libArduinoCore.a(hooks.o)

.debug_abbrev   0x00000000     0x1a32
 *(.debug_abbrev)
 .debug_abbrev  0x00000000      0x5a2 C:/Program Files (x86)/Atmel/Studio/7.0/Packs/atmel/ATmega_DFP/1.6.364/gcc/dev/atmega88a/avr4/crtatmega88a.o
 .debug_abbrev  0x000005a2      0x38a Sketch.o
 .debug_abbrev  0x0000092c      0x3ce K:\test_motorkit\firmware_motorkit\firmware_motorkit\ArduinoCore\Debug\libArduinoCore.a(HardwareSerial0.o)
 .debug_abbrev  0x00000cfa      0x12d K:\test_motorkit\firmware_motorkit\firmware_motorkit\ArduinoCore\Debug\libArduinoCore.a(main.o)
 .debug_abbrev  0x00000e27      0x47a K:\test_motorkit\firmware_motorkit\firmware_motorkit\ArduinoCore\Debug\libArduinoCore.a(Print.o)
 .debug_abbrev  0x000012a1      0x146 K:\test_motorkit\firmware_motorkit\firmware_motorkit\ArduinoCore\Debug\libArduinoCore.a(wiring.o)
 .debug_abbrev  0x000013e7      0x15b K:\test_motorkit\firmware_motorkit\firmware_motorkit\ArduinoCore\Debug\libArduinoCore.a(wiring_digital.o)
 .debug_abbrev  0x00001542      0x4c6 K:\test_motorkit\firmware_motorkit\firmware_motorkit\ArduinoCore\Debug\libArduinoCore.a(HardwareSerial.o)
 .debug_abbrev  0x00001a08       0x2a K:\test_motorkit\firmware_motorkit\firmware_motorkit\ArduinoCore\Debug\libArduinoCore.a(hooks.o)

.debug_line     0x00000000     0x1ad0
 *(.debug_line .debug_line.* .debug_line_end)
 .debug_line    0x00000000      0x134 C:/Program Files (x86)/Atmel/Studio/7.0/Packs/atmel/ATmega_DFP/1.6.364/gcc/dev/atmega88a/avr4/crtatmega88a.o
 .debug_line    0x00000134      0x549 Sketch.o
 .debug_line    0x0000067d      0x28c K:\test_motorkit\firmware_motorkit\firmware_motorkit\ArduinoCore\Debug\libArduinoCore.a(HardwareSerial0.o)
 .debug_line    0x00000909      0x165 K:\test_motorkit\firmware_motorkit\firmware_motorkit\ArduinoCore\Debug\libArduinoCore.a(main.o)
 .debug_line    0x00000a6e      0x685 K:\test_motorkit\firmware_motorkit\firmware_motorkit\ArduinoCore\Debug\libArduinoCore.a(Print.o)
 .debug_line    0x000010f3      0x294 K:\test_motorkit\firmware_motorkit\firmware_motorkit\ArduinoCore\Debug\libArduinoCore.a(wiring.o)
 .debug_line    0x00001387      0x252 K:\test_motorkit\firmware_motorkit\firmware_motorkit\ArduinoCore\Debug\libArduinoCore.a(wiring_digital.o)
 .debug_line    0x000015d9      0x4b6 K:\test_motorkit\firmware_motorkit\firmware_motorkit\ArduinoCore\Debug\libArduinoCore.a(HardwareSerial.o)
 .debug_line    0x00001a8f       0x41 K:\test_motorkit\firmware_motorkit\firmware_motorkit\ArduinoCore\Debug\libArduinoCore.a(hooks.o)

.debug_frame    0x00000000      0x85c
 *(.debug_frame)
 .debug_frame   0x00000000      0x108 Sketch.o
 .debug_frame   0x00000108       0xe0 K:\test_motorkit\firmware_motorkit\firmware_motorkit\ArduinoCore\Debug\libArduinoCore.a(HardwareSerial0.o)
 .debug_frame   0x000001e8       0x54 K:\test_motorkit\firmware_motorkit\firmware_motorkit\ArduinoCore\Debug\libArduinoCore.a(main.o)
 .debug_frame   0x0000023c      0x3ac K:\test_motorkit\firmware_motorkit\firmware_motorkit\ArduinoCore\Debug\libArduinoCore.a(Print.o)
 .debug_frame   0x000005e8       0xc4 K:\test_motorkit\firmware_motorkit\firmware_motorkit\ArduinoCore\Debug\libArduinoCore.a(wiring.o)
 .debug_frame   0x000006ac       0x7c K:\test_motorkit\firmware_motorkit\firmware_motorkit\ArduinoCore\Debug\libArduinoCore.a(wiring_digital.o)
 .debug_frame   0x00000728      0x110 K:\test_motorkit\firmware_motorkit\firmware_motorkit\ArduinoCore\Debug\libArduinoCore.a(HardwareSerial.o)
 .debug_frame   0x00000838       0x24 K:\test_motorkit\firmware_motorkit\firmware_motorkit\ArduinoCore\Debug\libArduinoCore.a(hooks.o)

.debug_str      0x00000000     0x216b
 *(.debug_str)
 .debug_str     0x00000000      0x208 C:/Program Files (x86)/Atmel/Studio/7.0/Packs/atmel/ATmega_DFP/1.6.364/gcc/dev/atmega88a/avr4/crtatmega88a.o
 .debug_str     0x00000208      0x547 Sketch.o
                                0x5b6 (size before relaxing)
 .debug_str     0x0000074f     0x1139 K:\test_motorkit\firmware_motorkit\firmware_motorkit\ArduinoCore\Debug\libArduinoCore.a(HardwareSerial0.o)
                               0x13fa (size before relaxing)
 .debug_str     0x00001888       0x5a K:\test_motorkit\firmware_motorkit\firmware_motorkit\ArduinoCore\Debug\libArduinoCore.a(main.o)
                                0x2a6 (size before relaxing)
 .debug_str     0x000018e2      0x3a6 K:\test_motorkit\firmware_motorkit\firmware_motorkit\ArduinoCore\Debug\libArduinoCore.a(Print.o)
                               0x1234 (size before relaxing)
 .debug_str     0x00001c88      0x13a K:\test_motorkit\firmware_motorkit\firmware_motorkit\ArduinoCore\Debug\libArduinoCore.a(wiring.o)
                                0x23c (size before relaxing)
 .debug_str     0x00001dc2       0xbb K:\test_motorkit\firmware_motorkit\firmware_motorkit\ArduinoCore\Debug\libArduinoCore.a(wiring_digital.o)
                                0x2a1 (size before relaxing)
 .debug_str     0x00001e7d      0x2d2 K:\test_motorkit\firmware_motorkit\firmware_motorkit\ArduinoCore\Debug\libArduinoCore.a(HardwareSerial.o)
                               0x1607 (size before relaxing)
 .debug_str     0x0000214f       0x1c K:\test_motorkit\firmware_motorkit\firmware_motorkit\ArduinoCore\Debug\libArduinoCore.a(hooks.o)
                                0x131 (size before relaxing)

.debug_loc      0x00000000     0x2f71
 *(.debug_loc)
 .debug_loc     0x00000000      0x468 Sketch.o
 .debug_loc     0x00000468      0x1b0 K:\test_motorkit\firmware_motorkit\firmware_motorkit\ArduinoCore\Debug\libArduinoCore.a(HardwareSerial0.o)
 .debug_loc     0x00000618     0x1c87 K:\test_motorkit\firmware_motorkit\firmware_motorkit\ArduinoCore\Debug\libArduinoCore.a(Print.o)
 .debug_loc     0x0000229f      0x28d K:\test_motorkit\firmware_motorkit\firmware_motorkit\ArduinoCore\Debug\libArduinoCore.a(wiring.o)
 .debug_loc     0x0000252c      0x5fc K:\test_motorkit\firmware_motorkit\firmware_motorkit\ArduinoCore\Debug\libArduinoCore.a(wiring_digital.o)
 .debug_loc     0x00002b28      0x449 K:\test_motorkit\firmware_motorkit\firmware_motorkit\ArduinoCore\Debug\libArduinoCore.a(HardwareSerial.o)

.debug_macinfo
 *(.debug_macinfo)

.debug_weaknames
 *(.debug_weaknames)

.debug_funcnames
 *(.debug_funcnames)

.debug_typenames
 *(.debug_typenames)

.debug_varnames
 *(.debug_varnames)

.debug_pubtypes
 *(.debug_pubtypes)

.debug_ranges   0x00000000      0x2e0
 *(.debug_ranges)
 .debug_ranges  0x00000000       0xa0 Sketch.o
 .debug_ranges  0x000000a0       0x38 K:\test_motorkit\firmware_motorkit\firmware_motorkit\ArduinoCore\Debug\libArduinoCore.a(HardwareSerial0.o)
 .debug_ranges  0x000000d8       0x20 K:\test_motorkit\firmware_motorkit\firmware_motorkit\ArduinoCore\Debug\libArduinoCore.a(main.o)
 .debug_ranges  0x000000f8      0x120 K:\test_motorkit\firmware_motorkit\firmware_motorkit\ArduinoCore\Debug\libArduinoCore.a(Print.o)
 .debug_ranges  0x00000218       0x38 K:\test_motorkit\firmware_motorkit\firmware_motorkit\ArduinoCore\Debug\libArduinoCore.a(wiring.o)
 .debug_ranges  0x00000250       0x28 K:\test_motorkit\firmware_motorkit\firmware_motorkit\ArduinoCore\Debug\libArduinoCore.a(wiring_digital.o)
 .debug_ranges  0x00000278       0x58 K:\test_motorkit\firmware_motorkit\firmware_motorkit\ArduinoCore\Debug\libArduinoCore.a(HardwareSerial.o)
 .debug_ranges  0x000002d0       0x10 K:\test_motorkit\firmware_motorkit\firmware_motorkit\ArduinoCore\Debug\libArduinoCore.a(hooks.o)

.debug_macro
 *(.debug_macro)
OUTPUT(test_motorkit.elf elf32-avr)
LOAD linker stubs
